<html>
<body>
<pre>
<h1>µVision Build Log</h1>
<h2>Tool Versions:</h2>
IDE-Version: ¦ÌVision V5.23.0.0
Copyright (C) 2017 ARM Ltd and ARM Germany GmbH. All rights reserved.
License Information: aa ww, dd, LIC=9N0DY-IYW0M-INNA7-EHXZY-ASN4S-63YYM
 
Tool Versions:
Toolchain:       MDK-ARM Professional  Version: 5.23
Toolchain Path:  C:\Keil_v5\ARM\ARMCC\Bin
C Compiler:      Armcc.exe V5.06 update 4 (build 422)
Assembler:       Armasm.exe V5.06 update 4 (build 422)
Linker/Locator:  ArmLink.exe V5.06 update 4 (build 422)
Library Manager: ArmAr.exe V5.06 update 4 (build 422)
Hex Converter:   FromElf.exe V5.06 update 4 (build 422)
CPU DLL:         SARMCM3.DLL V5.23
Dialog DLL:      DARMCM1.DLL V1.17.0.0
Target DLL:      Segger\JL2CM3.dll V2.99.23.0
Dialog DLL:      TARMCM1.DLL V1.12.0.0
 
<h2>Project:</h2>
D:\workz_zjk\work\510\lk_510\app\cervicalvertebra.uvprojx
Project File Date:  11/20/2019

<h2>Output:</h2>
*** Using Compiler 'V5.06 update 4 (build 422)', folder: 'C:\Keil_v5\ARM\ARMCC\Bin'
Rebuild target 'Target 1'
compiling Flash_Handler.c...
compiling UartHandler.c...
compiling TimeHandler.c...
compiling main.c...
User\main.c(1053): warning:  #111-D: statement is unreachable
       switch(LowPowerControl.LowPowerFlag)
User\main.c(1060): warning:  #223-D: function "Led_All_Close" declared implicitly
  				Led_All_Close();
User\main.c(1061): warning:  #223-D: function "Motor_Vibration_ClrIO" declared implicitly
  				Motor_Vibration_ClrIO();
User\main.c(1093): warning:  #223-D: function "Led_All_Close" declared implicitly
  		   	   	    Led_All_Close();
User\main.c(1094): warning:  #223-D: function "Motor_Vibration_ClrIO" declared implicitly
  					Motor_Vibration_ClrIO();
User\main.c(281): warning:  #177-D: function "PeripheralBatterySwInit"  was declared but never referenced
  static void PeripheralBatterySwInit(void)
User\main.c(1012): warning:  #550-D: variable "Heat_temperature_Switch_Status"  was set but never used
  static u8 Heat_temperature_Switch_Status=0;
User\main.c: 7 warnings, 0 errors
compiling Key.c...
compiling util.c...
User\util.c(79): warning:  #940-D: missing return statement at end of non-void function "CompareParaSize" 
  }
User\util.c: 1 warning, 0 errors
compiling EMS.c...
compiling NTCTempSample.c...
compiling AdcSample.c...
compiling IIC.c...
assembling startup_hc32l136.s...
compiling EMS_Port.c...
compiling HC595.c...
compiling LedMotor.c...
compiling system_hc32l136.c...
compiling adc.c...
compiling ddl.c...
compiling bt.c...
compiling flash.c...
compiling gpio.c...
compiling interrupts_hc32l136.c...
compiling timer3.c...
compiling trim.c...
compiling uart.c...
compiling sysctrl.c...
compiling dmac.c...
compiling lpm.c...
compiling adt.c...
compiling lpuart.c...
linking...
Program Size: Code=38412 RO-data=252 RW-data=2584 ZI-data=1544  
FromELF: creating hex file...
After Build - User command #1: C:\Keil_v5\\ARM\ARMCC\bin\fromelf.exe --bin --output=cervicalvertebra.bin .\Objects\cervicalvertebra.axf
".\Objects\cervicalvertebra.axf" - 0 Error(s), 8 Warning(s).

<h2>Software Packages used:</h2>

Package Vendor: ARM
                http://www.keil.com/pack/ARM.CMSIS.5.0.1.pack
                ARM::CMSIS:CORE:5.0.1
                CMSIS (Cortex Microcontroller Software Interface Standard)
   * Component: CORE Version: 5.0.1

<h2>Collection of Component include folders:</h2>
  .\RTE\_Target_1
  C:\Keil_v5\ARM\PACK\ARM\CMSIS\5.0.1\CMSIS\Include
  C:\Keil_v5\ARM\PACK\HDSC\HC32L130\1.0.0\Device\Include

<h2>Collection of Component Files used:</h2>

   * Component: ARM::CMSIS:CORE:5.0.1
Build Time Elapsed:  00:00:04
</pre>
</body>
</html>
