Component: ARM Compiler 5.06 update 4 (build 422) Tool: armlink [4d35d2]

==============================================================================

Section Cross References

    flash_handler.o(i.Flash_Data_Writer) refers to flash.o(i.Flash_Init) for Flash_Init
    flash_handler.o(i.Flash_Data_Writer) refers to flash.o(i.Flash_SectorErase) for Flash_SectorErase
    flash_handler.o(i.Flash_Data_Writer) refers to flash.o(i.Flash_WriteByte) for Flash_WriteByte
    flash_handler.o(i.Flash_Data_Writer) refers to flash_handler.o(.data) for Flash_Init_Flag
    flash_handler.o(i.Flash_Data_Writer) refers to flash_handler.o(i.Flash_Int_CallBack) for Flash_Int_CallBack
    flash_handler.o(i.Flash_Int_CallBack) refers to flash.o(i.Flash_GetIntFlag) for Flash_GetIntFlag
    flash_handler.o(i.Flash_Int_CallBack) refers to flash.o(i.Flash_ClearIntFlag) for Flash_ClearIntFlag
    flash_handler.o(i.Flash_Int_CallBack) refers to flash.o(i.Flash_DisableIrq) for Flash_DisableIrq
    flash_handler.o(i.Jump_AppRun) refers to flash_handler.o(.data) for JumpAddress
    flash_handler.o(i.VectorTableOffset) refers to flash_handler.o(.ARM.__AT_0x20000000) for VectorTable
    timehandler.o(i.Boost_Pwm) refers to adt.o(i.Adt_SetCompareValue) for Adt_SetCompareValue
    timehandler.o(i.Boost_Start) refers to adt.o(i.Adt_StartCount) for Adt_StartCount
    timehandler.o(i.Boost_Stop) refers to timehandler.o(i.Boost_Pwm) for Boost_Pwm
    timehandler.o(i.Boost_Stop) refers to adt.o(i.Adt_StopCount) for Adt_StopCount
    timehandler.o(i.Ems_SleepInit) refers to timehandler.o(i.TimestampStop) for TimestampStop
    timehandler.o(i.Ems_SleepInit) refers to timehandler.o(i.Boost_Stop) for Boost_Stop
    timehandler.o(i.Ems_SleepInit) refers to sysctrl.o(i.Sysctrl_SetPeripheralGate) for Sysctrl_SetPeripheralGate
    timehandler.o(i.Tim2Int) refers to bt.o(i.Bt_GetIntFlag) for Bt_GetIntFlag
    timehandler.o(i.Tim2Int) refers to bt.o(i.Bt_ClearIntFlag) for Bt_ClearIntFlag
    timehandler.o(i.Tim2Int) refers to main.o(i.SoftTimerCount) for SoftTimerCount
    timehandler.o(i.Tim2Int) refers to main.o(.data) for softtime_Count_1ms
    timehandler.o(i.Tim2Int) refers to ems.o(.data) for StrengUpdateControl
    timehandler.o(i.Time0IntCallback) refers to bt.o(i.Bt_GetIntFlag) for Bt_GetIntFlag
    timehandler.o(i.Time0IntCallback) refers to bt.o(i.Bt_ClearIntFlag) for Bt_ClearIntFlag
    timehandler.o(i.Time0IntCallback) refers to ems.o(i.EMS_PwmControl) for EMS_PwmControl
    timehandler.o(i.Time3Breathing_Light_Duty) refers to timer3.o(i.Tim3_M23_CCR_Set) for Tim3_M23_CCR_Set
    timehandler.o(i.Time3IntCallback) refers to timer3.o(i.Tim3_GetIntFlag) for Tim3_GetIntFlag
    timehandler.o(i.Time3IntCallback) refers to timer3.o(i.Tim3_ClearIntFlag) for Tim3_ClearIntFlag
    timehandler.o(i.TimeBoostPwmInit) refers to ddl.o(i.ddl_memclr) for ddl_memclr
    timehandler.o(i.TimeBoostPwmInit) refers to flash.o(i.Flash_WaitCycle) for Flash_WaitCycle
    timehandler.o(i.TimeBoostPwmInit) refers to sysctrl.o(i.Sysctrl_SetPeripheralGate) for Sysctrl_SetPeripheralGate
    timehandler.o(i.TimeBoostPwmInit) refers to gpio.o(i.Gpio_Init) for Gpio_Init
    timehandler.o(i.TimeBoostPwmInit) refers to gpio.o(i.Gpio_SetAfMode) for Gpio_SetAfMode
    timehandler.o(i.TimeBoostPwmInit) refers to adt.o(i.Adt_Init) for Adt_Init
    timehandler.o(i.TimeBoostPwmInit) refers to adt.o(i.Adt_SetPeriod) for Adt_SetPeriod
    timehandler.o(i.TimeBoostPwmInit) refers to adt.o(i.Adt_SetCompareValue) for Adt_SetCompareValue
    timehandler.o(i.TimeBoostPwmInit) refers to adt.o(i.Adt_CHxXPortConfig) for Adt_CHxXPortConfig
    timehandler.o(i.TimeBoostPwmInit) refers to adt.o(i.Adt_StartCount) for Adt_StartCount
    timehandler.o(i.TimestampInit) refers to ddl.o(i.ddl_memclr) for ddl_memclr
    timehandler.o(i.TimestampInit) refers to flash.o(i.Flash_WaitCycle) for Flash_WaitCycle
    timehandler.o(i.TimestampInit) refers to sysctrl.o(i.Sysctrl_SetPeripheralGate) for Sysctrl_SetPeripheralGate
    timehandler.o(i.TimestampInit) refers to bt.o(i.Bt_Mode23_Init) for Bt_Mode23_Init
    timehandler.o(i.TimestampInit) refers to bt.o(i.Bt_M23_ARRSet) for Bt_M23_ARRSet
    timehandler.o(i.TimestampInit) refers to bt.o(i.Bt_M23_SetValidPeriod) for Bt_M23_SetValidPeriod
    timehandler.o(i.TimestampInit) refers to bt.o(i.Bt_M23_Cnt16Set) for Bt_M23_Cnt16Set
    timehandler.o(i.TimestampInit) refers to bt.o(i.Bt_ClearAllIntFlag) for Bt_ClearAllIntFlag
    timehandler.o(i.TimestampInit) refers to bt.o(i.Bt_Mode23_EnableIrq) for Bt_Mode23_EnableIrq
    timehandler.o(i.TimestampInit) refers to interrupts_hc32l136.o(i.EnableNvic) for EnableNvic
    timehandler.o(i.TimestampInit) refers to bt.o(i.Bt_M23_Run) for Bt_M23_Run
    timehandler.o(i.TimestampInit) refers to timehandler.o(i.Time0IntCallback) for Time0IntCallback
    timehandler.o(i.TimestampStart) refers to bt.o(i.Bt_ClearAllIntFlag) for Bt_ClearAllIntFlag
[...]
    i._DirA_T_D_And_BC_No_PN                 0x00008f38   Section        0  ems.o(i._DirA_T_D_And_BC_No_PN)
    _DirA_T_D_And_BC_No_PN                   0x00008f39   Thumb Code    16  ems.o(i._DirA_T_D_And_BC_No_PN)
    i._DirA_T_D_And_B_T_C                    0x00008f48   Section        0  ems.o(i._DirA_T_D_And_B_T_C)
    _DirA_T_D_And_B_T_C                      0x00008f49   Thumb Code    14  ems.o(i._DirA_T_D_And_B_T_C)
    i._DirA_T_D_And_C_T_B                    0x00008f56   Section        0  ems.o(i._DirA_T_D_And_C_T_B)
    _DirA_T_D_And_C_T_B                      0x00008f57   Thumb Code    14  ems.o(i._DirA_T_D_And_C_T_B)
    i._DirB_T_A_And_CDAuto_PN                0x00008f64   Section        0  ems.o(i._DirB_T_A_And_CDAuto_PN)
    _DirB_T_A_And_CDAuto_PN                  0x00008f65   Thumb Code    16  ems.o(i._DirB_T_A_And_CDAuto_PN)
    i._DirB_T_A_And_CD_No                    0x00008f74   Section        0  ems.o(i._DirB_T_A_And_CD_No)
    _DirB_T_A_And_CD_No                      0x00008f75   Thumb Code    14  ems.o(i._DirB_T_A_And_CD_No)
    i._DirB_T_A_And_CD_No_PN                 0x00008f82   Section        0  ems.o(i._DirB_T_A_And_CD_No_PN)
    _DirB_T_A_And_CD_No_PN                   0x00008f83   Thumb Code    16  ems.o(i._DirB_T_A_And_CD_No_PN)
    i._DirB_T_A_And_C_T_D                    0x00008f92   Section        0  ems.o(i._DirB_T_A_And_C_T_D)
    _DirB_T_A_And_C_T_D                      0x00008f93   Thumb Code    14  ems.o(i._DirB_T_A_And_C_T_D)
    i._DirB_T_A_And_D_T_C                    0x00008fa0   Section        0  ems.o(i._DirB_T_A_And_D_T_C)
    _DirB_T_A_And_D_T_C                      0x00008fa1   Thumb Code    14  ems.o(i._DirB_T_A_And_D_T_C)
    i._DirB_T_C_And_ADAuto_PN                0x00008fae   Section        0  ems.o(i._DirB_T_C_And_ADAuto_PN)
    _DirB_T_C_And_ADAuto_PN                  0x00008faf   Thumb Code    16  ems.o(i._DirB_T_C_And_ADAuto_PN)
    i._DirB_T_C_And_AD_No                    0x00008fbe   Section        0  ems.o(i._DirB_T_C_And_AD_No)
    _DirB_T_C_And_AD_No                      0x00008fbf   Thumb Code    16  ems.o(i._DirB_T_C_And_AD_No)
    i._DirB_T_C_And_AD_No_PN                 0x00008fce   Section        0  ems.o(i._DirB_T_C_And_AD_No_PN)
    _DirB_T_C_And_AD_No_PN                   0x00008fcf   Thumb Code    16  ems.o(i._DirB_T_C_And_AD_No_PN)
    i._DirB_T_C_And_A_T_D                    0x00008fde   Section        0  ems.o(i._DirB_T_C_And_A_T_D)
    _DirB_T_C_And_A_T_D                      0x00008fdf   Thumb Code    14  ems.o(i._DirB_T_C_And_A_T_D)
    i._DirB_T_C_And_D_T_A                    0x00008fec   Section        0  ems.o(i._DirB_T_C_And_D_T_A)
    _DirB_T_C_And_D_T_A                      0x00008fed   Thumb Code    14  ems.o(i._DirB_T_C_And_D_T_A)
    i._DirB_T_D_And_ACAuto_PN                0x00008ffa   Section        0  ems.o(i._DirB_T_D_And_ACAuto_PN)
    _DirB_T_D_And_ACAuto_PN                  0x00008ffb   Thumb Code    16  ems.o(i._DirB_T_D_And_ACAuto_PN)
    i._DirB_T_D_And_AC_No                    0x0000900a   Section        0  ems.o(i._DirB_T_D_And_AC_No)
    _DirB_T_D_And_AC_No                      0x0000900b   Thumb Code    16  ems.o(i._DirB_T_D_And_AC_No)
    i._DirB_T_D_And_AC_No_PN                 0x0000901a   Section        0  ems.o(i._DirB_T_D_And_AC_No_PN)
    _DirB_T_D_And_AC_No_PN                   0x0000901b   Thumb Code    16  ems.o(i._DirB_T_D_And_AC_No_PN)
    i._DirB_T_D_And_A_T_C                    0x0000902a   Section        0  ems.o(i._DirB_T_D_And_A_T_C)
    _DirB_T_D_And_A_T_C                      0x0000902b   Thumb Code    14  ems.o(i._DirB_T_D_And_A_T_C)
    i._DirB_T_D_And_C_T_A                    0x00009038   Section        0  ems.o(i._DirB_T_D_And_C_T_A)
    _DirB_T_D_And_C_T_A                      0x00009039   Thumb Code    14  ems.o(i._DirB_T_D_And_C_T_A)
    i._DirCBD_T_A_PN                         0x00009046   Section        0  ems.o(i._DirCBD_T_A_PN)
    _DirCBD_T_A_PN                           0x00009047   Thumb Code    16  ems.o(i._DirCBD_T_A_PN)
    i._DirC_T_A_And_BDAuto_PN                0x00009056   Section        0  ems.o(i._DirC_T_A_And_BDAuto_PN)
    _DirC_T_A_And_BDAuto_PN                  0x00009057   Thumb Code    16  ems.o(i._DirC_T_A_And_BDAuto_PN)
    i._DirC_T_A_And_BD_No                    0x00009066   Section        0  ems.o(i._DirC_T_A_And_BD_No)
    _DirC_T_A_And_BD_No                      0x00009067   Thumb Code    14  ems.o(i._DirC_T_A_And_BD_No)
    i._DirC_T_A_And_BD_No_PN                 0x00009074   Section        0  ems.o(i._DirC_T_A_And_BD_No_PN)
    _DirC_T_A_And_BD_No_PN                   0x00009075   Thumb Code    16  ems.o(i._DirC_T_A_And_BD_No_PN)
    i._DirC_T_A_And_B_T_D                    0x00009084   Section        0  ems.o(i._DirC_T_A_And_B_T_D)
    _DirC_T_A_And_B_T_D                      0x00009085   Thumb Code    14  ems.o(i._DirC_T_A_And_B_T_D)
    i._DirC_T_A_And_D_T_B                    0x00009092   Section        0  ems.o(i._DirC_T_A_And_D_T_B)
    _DirC_T_A_And_D_T_B                      0x00009093   Thumb Code    14  ems.o(i._DirC_T_A_And_D_T_B)
    i._DirC_T_B_And_ADAuto_PN                0x000090a0   Section        0  ems.o(i._DirC_T_B_And_ADAuto_PN)
    _DirC_T_B_And_ADAuto_PN                  0x000090a1   Thumb Code    16  ems.o(i._DirC_T_B_And_ADAuto_PN)
    i._DirC_T_B_And_AD_No                    0x000090b0   Section        0  ems.o(i._DirC_T_B_And_AD_No)
    _DirC_T_B_And_AD_No                      0x000090b1   Thumb Code    14  ems.o(i._DirC_T_B_And_AD_No)
    i._DirC_T_B_And_AD_No_PN                 0x000090be   Section        0  ems.o(i._DirC_T_B_And_AD_No_PN)
    _DirC_T_B_And_AD_No_PN                   0x000090bf   Thumb Code    16  ems.o(i._DirC_T_B_And_AD_No_PN)
    i._DirC_T_B_And_A_T_D                    0x000090ce   Section        0  ems.o(i._DirC_T_B_And_A_T_D)
    _DirC_T_B_And_A_T_D                      0x000090cf   Thumb Code    14  ems.o(i._DirC_T_B_And_A_T_D)
    i._DirC_T_B_And_D_T_A                    0x000090dc   Section        0  ems.o(i._DirC_T_B_And_D_T_A)
    _DirC_T_B_And_D_T_A                      0x000090dd   Thumb Code    14  ems.o(i._DirC_T_B_And_D_T_A)
    i._DirC_T_D_And_ABAuto_PN                0x000090ea   Section        0  ems.o(i._DirC_T_D_And_ABAuto_PN)
    _DirC_T_D_And_ABAuto_PN                  0x000090eb   Thumb Code    16  ems.o(i._DirC_T_D_And_ABAuto_PN)
    i._DirC_T_D_And_AB_No                    0x000090fa   Section        0  ems.o(i._DirC_T_D_And_AB_No)
    _DirC_T_D_And_AB_No                      0x000090fb   Thumb Code    14  ems.o(i._DirC_T_D_And_AB_No)
    i._DirC_T_D_And_AB_No_PN                 0x00009108   Section        0  ems.o(i._DirC_T_D_And_AB_No_PN)
    _DirC_T_D_And_AB_No_PN                   0x00009109   Thumb Code    16  ems.o(i._DirC_T_D_And_AB_No_PN)
    i._DirC_T_D_And_A_T_B                    0x00009118   Section        0  ems.o(i._DirC_T_D_And_A_T_B)
    _DirC_T_D_And_A_T_B                      0x00009119   Thumb Code    14  ems.o(i._DirC_T_D_And_A_T_B)
    i._DirC_T_D_And_B_T_A                    0x00009126   Section        0  ems.o(i._DirC_T_D_And_B_T_A)
    _DirC_T_D_And_B_T_A                      0x00009127   Thumb Code    14  ems.o(i._DirC_T_D_And_B_T_A)
    i._DirD_T_A_And_BC_AutO_PN               0x00009134   Section        0  ems.o(i._DirD_T_A_And_BC_AutO_PN)
    _DirD_T_A_And_BC_AutO_PN                 0x00009135   Thumb Code    16  ems.o(i._DirD_T_A_And_BC_AutO_PN)
    i._DirD_T_A_And_BC_No_PN                 0x00009144   Section        0  ems.o(i._DirD_T_A_And_BC_No_PN)
    _DirD_T_A_And_BC_No_PN                   0x00009145   Thumb Code    16  ems.o(i._DirD_T_A_And_BC_No_PN)
    i._DirD_T_A_And_B_T_C                    0x00009154   Section        0  ems.o(i._DirD_T_A_And_B_T_C)
    _DirD_T_A_And_B_T_C                      0x00009155   Thumb Code    14  ems.o(i._DirD_T_A_And_B_T_C)
    i._DirD_T_A_And_CB_No                    0x00009162   Section        0  ems.o(i._DirD_T_A_And_CB_No)
    _DirD_T_A_And_CB_No                      0x00009163   Thumb Code    16  ems.o(i._DirD_T_A_And_CB_No)
    i._DirD_T_A_And_C_T_B                    0x00009172   Section        0  ems.o(i._DirD_T_A_And_C_T_B)
    _DirD_T_A_And_C_T_B                      0x00009173   Thumb Code    14  ems.o(i._DirD_T_A_And_C_T_B)
    i._DirD_T_B_And_AC_No_PN                 0x00009180   Section        0  ems.o(i._DirD_T_B_And_AC_No_PN)
    _DirD_T_B_And_AC_No_PN                   0x00009181   Thumb Code    16  ems.o(i._DirD_T_B_And_AC_No_PN)
    i._DirD_T_C_And_AB_No_PN                 0x00009190   Section        0  ems.o(i._DirD_T_C_And_AB_No_PN)
    _DirD_T_C_And_AB_No_PN                   0x00009191   Thumb Code    16  ems.o(i._DirD_T_C_And_AB_No_PN)
    i._GpioEnableIrq                         0x000091a0   Section        0  gpio.o(i._GpioEnableIrq)
    _GpioEnableIrq                           0x000091a1   Thumb Code   208  gpio.o(i._GpioEnableIrq)
    i._SysctrlUnlock                         0x00009274   Section        0  sysctrl.o(i._SysctrlUnlock)
    _SysctrlUnlock                           0x00009275   Thumb Code    12  sysctrl.o(i._SysctrlUnlock)
    i.__ARM_common_switch8                   0x0000928c   Section        0  main.o(i.__ARM_common_switch8)
    i.__NVIC_ClearPendingIRQ                 0x000092a8   Section        0  adt.o(i.__NVIC_ClearPendingIRQ)
    __NVIC_ClearPendingIRQ                   0x000092a9   Thumb Code    18  adt.o(i.__NVIC_ClearPendingIRQ)
    i.__NVIC_SetPriority                     0x000092c0   Section        0  interrupts_hc32l136.o(i.__NVIC_SetPriority)
    __NVIC_SetPriority                       0x000092c1   Thumb Code   110  interrupts_hc32l136.o(i.__NVIC_SetPriority)
    i.__NVIC_SetPriority                     0x00009338   Section        0  adt.o(i.__NVIC_SetPriority)
    __NVIC_SetPriority                       0x00009339   Thumb Code   110  adt.o(i.__NVIC_SetPriority)
    i.__scatterload_copy                     0x000093b0   Section       14  handlers.o(i.__scatterload_copy)
    i.__scatterload_null                     0x000093be   Section        2  handlers.o(i.__scatterload_null)
    i.__scatterload_zeroinit                 0x000093c0   Section       14  handlers.o(i.__scatterload_zeroinit)
    i.breathing_LightInit                    0x000093d0   Section        0  timehandler.o(i.breathing_LightInit)
    i.ddl_memclr                             0x00009498   Section        0  ddl.o(i.ddl_memclr)
    i.delay10us                              0x000094b8   Section        0  ddl.o(i.delay10us)
    i.delay1us                               0x00009518   Section        0  ddl.o(i.delay1us)
    i.keyScan                                0x00009560   Section        0  key.o(i.keyScan)
    i.key_Delay_Init                         0x0000962c   Section        0  main.o(i.key_Delay_Init)
    key_Delay_Init                           0x0000962d   Thumb Code    28  main.o(i.key_Delay_Init)
    i.main                                   0x0000964c   Section        0  main.o(i.main)
    i.peripheralInit                         0x0000969c   Section        0  main.o(i.peripheralInit)
    peripheralInit                           0x0000969d   Thumb Code    48  main.o(i.peripheralInit)
    .constdata                               0x000096cc   Section        4  main.o(.constdata)
    .constdata                               0x000096d0   Section       24  sysctrl.o(.constdata)
    .ARM.__AT_0x20000000                     0x20000000   Section      192  flash_handler.o(.ARM.__AT_0x20000000)
    .data                                    0x200000c0   Section       53  uarthandler.o(.data)
    .data                                    0x200000f6   Section       45  main.o(.data)
    MassageTemp                              0x2000010e   Data           9  main.o(.data)
    Heat_temperature_Switch_Status           0x20000117   Data           1  main.o(.data)
    ChargeStatus                             0x20000118   Data           1  main.o(.data)
    flag                                     0x20000119   Data           1  main.o(.data)
    flagold                                  0x2000011a   Data           1  main.o(.data)
    time10ms                                 0x2000011b   Data           1  main.o(.data)
    time100ms                                0x2000011c   Data           1  main.o(.data)
    time1s                                   0x2000011d   Data           1  main.o(.data)
    ElectriceTyp                             0x2000011e   Data           1  main.o(.data)
    ElectriceTypOld                          0x2000011f   Data           1  main.o(.data)
    CheckCount                               0x20000120   Data           1  main.o(.data)
    Led_status_Old                           0x20000121   Data           1  main.o(.data)
    ErrorCount                               0x20000122   Data           1  main.o(.data)
    .data                                    0x20000124   Section       31  key.o(.data)
    OldKeyValue                              0x20000140   Data           1  key.o(.data)
    TempErrcount                             0x20000141   Data           1  key.o(.data)
    status_checkBuffOld                      0x20000142   Data           1  key.o(.data)
    .data                                    0x20000144   Section     2198  ems.o(.data)
    PwmDirOld                                0x200009cc   Data           1  ems.o(.data)
    alternateDir                             0x200009cd   Data           1  ems.o(.data)
    OldValue                                 0x200009ce   Data           2  ems.o(.data)
    DirPNAlterMoveCount                      0x200009d0   Data           1  ems.o(.data)
    PwmDirOld                                0x200009d1   Data           1  ems.o(.data)
    alternateDir                             0x200009d2   Data           1  ems.o(.data)
    OldValue                                 0x200009d4   Data           2  ems.o(.data)
    DirPNAlterMoveCount                      0x200009d6   Data           1  ems.o(.data)
    OldValue                                 0x200009d8   Data           2  ems.o(.data)
    .data                                    0x200009dc   Section      120  ntctempsample.o(.data)
    NTCTempVoltage                           0x200009dc   Data         120  ntctempsample.o(.data)
    .data                                    0x20000a54   Section        4  system_hc32l136.o(.data)
    .data                                    0x20000a58   Section       12  bt.o(.data)
    pfnTim0Callback                          0x20000a58   Data           4  bt.o(.data)
    pfnTim1Callback                          0x20000a5c   Data           4  bt.o(.data)
    pfnTim2Callback                          0x20000a60   Data           4  bt.o(.data)
    .data                                    0x20000a64   Section        4  timer3.o(.data)
    pfnTim3Callback                          0x20000a64   Data           4  timer3.o(.data)
    .data                                    0x20000a68   Section       56  uart.o(.data)
    m_astcUartInstanceDataLut                0x20000a68   Data          56  uart.o(.data)
    .data                                    0x20000aa0   Section       56  lpuart.o(.data)
    m_astcLPUartInstanceDataLut              0x20000aa0   Data          56  lpuart.o(.data)
    .bss                                     0x20000ad8   Section      508  main.o(.bss)
    .bss                                     0x20000cd4   Section       40  adcsample.o(.bss)
    .bss                                     0x20000cfc   Section       16  ems.o(.bss)
    .bss                                     0x20000d0c   Section       64  ntctempsample.o(.bss)
    .bss                                     0x20000d4c   Section       16  dmac.o(.bss)
    stcDmaIrqCalbaks                         0x20000d4c   Data          16  dmac.o(.bss)
    .bss                                     0x20000d5c   Section      192  adt.o(.bss)
    pfnAdtIrqCbk                             0x20000d5c   Data         192  adt.o(.bss)
    STACK                                    0x20000e20   Section      512  startup_hc32l136.o(STACK)

    Global Symbols

    Symbol Name                              Value     Ov Type        Size  Object(Section)

    BuildAttributes$$THM_ISAv3M$S$PE$A:L22$X:L11$S22$IEEE1$IW$USESV6$~STKCKD$USESV7$~SHL$OTIME$ROPI$EBA8$MICROLIB$REQ8$PRES8$EABIv2 0x00000000   Number         0  anon$$obj.o ABSOLUTE
    __ARM_use_no_argv                        0x00000000   Number         0  main.o ABSOLUTE
    __Vectors                                0x00000000   Data           4  startup_hc32l136.o(RESET)
    __use_no_errno                           0x00000000   Number         0  useno.o ABSOLUTE
    __use_no_exception_handling              0x00000000   Number         0  useno.o ABSOLUTE
    __use_no_fp                              0x00000000   Number         0  useno.o ABSOLUTE
    __use_no_heap                            0x00000000   Number         0  useno.o ABSOLUTE
    __use_no_heap_region                     0x00000000   Number         0  useno.o ABSOLUTE
    __use_no_semihosting                     0x00000000   Number         0  useno.o ABSOLUTE
    __use_no_semihosting_swi                 0x00000000   Number         0  useno.o ABSOLUTE
    __use_no_signal_handling                 0x00000000   Number         0  useno.o ABSOLUTE
    I2c_IRQHandler                            - Undefined Weak Reference
    Lcd_IRQHandler                            - Undefined Weak Reference
    LpTim_IRQHandler                          - Undefined Weak Reference
    Lvd_IRQHandler                            - Undefined Weak Reference
    Pca_IRQHandler                            - Undefined Weak Reference
    Pcnt_IRQHandler                           - Undefined Weak Reference
    Rtc_IRQHandler                            - Undefined Weak Reference
    Spi_IRQHandler                            - Undefined Weak Reference
    Vc_IRQHandler                             - Undefined Weak Reference
    Wdt_IRQHandler                            - Undefined Weak Reference
    __cpp_initialize__aeabi_                  - Undefined Weak Reference
    __cxa_finalize                            - Undefined Weak Reference
    _clock_init                               - Undefined Weak Reference
    _microlib_exit                            - Undefined Weak Reference
    __Vectors_End                            0x000000c0   Data           0  startup_hc32l136.o(RESET)
    __Vectors_Size                           0x000000c0   Number         0  startup_hc32l136.o ABSOLUTE
    __main                                   0x000000c1   Thumb Code     0  entry.o(.ARM.Collect$$$$00000000)
    _main_stk                                0x000000c1   Thumb Code     0  entry2.o(.ARM.Collect$$$$00000001)
    _main_scatterload                        0x000000c5   Thumb Code     0  entry5.o(.ARM.Collect$$$$00000004)
    __main_after_scatterload                 0x000000c9   Thumb Code     0  entry5.o(.ARM.Collect$$$$00000004)
    _main_clock                              0x000000c9   Thumb Code     0  entry7b.o(.ARM.Collect$$$$00000008)
    _main_cpp_init                           0x000000c9   Thumb Code     0  entry8b.o(.ARM.Collect$$$$0000000A)
    _main_init                               0x000000c9   Thumb Code     0  entry9a.o(.ARM.Collect$$$$0000000B)
    __rt_final_cpp                           0x000000d1   Thumb Code     0  entry10a.o(.ARM.Collect$$$$0000000D)
    __rt_final_exit                          0x000000d1   Thumb Code     0  entry11a.o(.ARM.Collect$$$$0000000F)
    Reset_Handler                            0x000000d5   Thumb Code    26  startup_hc32l136.o(.text)
    NMI_Handler                              0x000000ef   Thumb Code     2  startup_hc32l136.o(.text)
    SVC_Handler                              0x000000f3   Thumb Code     2  startup_hc32l136.o(.text)
    PendSV_Handler                           0x000000f5   Thumb Code     2  startup_hc32l136.o(.text)
    SysTick_Handler                          0x000000f7   Thumb Code     2  startup_hc32l136.o(.text)
    __aeabi_uidiv                            0x00000111   Thumb Code     0  uidiv.o(.text)
    __aeabi_uidivmod                         0x00000111   Thumb Code    44  uidiv.o(.text)
    __aeabi_idiv                             0x0000013d   Thumb Code     0  idiv.o(.text)
    __aeabi_idivmod                          0x0000013d   Thumb Code    40  idiv.o(.text)
    __aeabi_memcpy                           0x00000165   Thumb Code    36  memcpya.o(.text)
    __aeabi_memcpy4                          0x00000165   Thumb Code     0  memcpya.o(.text)
    __aeabi_memcpy8                          0x00000165   Thumb Code     0  memcpya.o(.text)
    __aeabi_fadd                             0x00000189   Thumb Code   162  fadd.o(.text)
    __aeabi_fsub                             0x0000022b   Thumb Code     8  fadd.o(.text)
    __aeabi_frsub                            0x00000233   Thumb Code     8  fadd.o(.text)
    __aeabi_fmul                             0x0000023b   Thumb Code   122  fmul.o(.text)
    __aeabi_fdiv                             0x000002b5   Thumb Code   124  fdiv.o(.text)
    __aeabi_ui2f                             0x00000331   Thumb Code    14  ffltui.o(.text)
    __aeabi_f2uiz                            0x0000033f   Thumb Code    40  ffixui.o(.text)
    __aeabi_cfcmpeq                          0x00000369   Thumb Code     0  cfcmple.o(.text)
    __aeabi_cfcmple                          0x00000369   Thumb Code    20  cfcmple.o(.text)
    __aeabi_cfrcmple                         0x0000037d   Thumb Code    20  cfrcmple.o(.text)
    __I$use$fp                               0x00000391   Thumb Code     0  iusefp.o(.text)
    _float_round                             0x00000391   Thumb Code    16  fepilogue.o(.text)
    _float_epilogue                          0x000003a1   Thumb Code   114  fepilogue.o(.text)
    __scatterload                            0x00000415   Thumb Code    28  init.o(.text)
    __scatterload_rt2                        0x00000415   Thumb Code     0  init.o(.text)
    __decompress                             0x00000439   Thumb Code     0  __dczerorl2.o(.text)
    __decompress1                            0x00000439   Thumb Code    86  __dczerorl2.o(.text)
    AdcSampleInit                            0x00000491   Thumb Code   376  adcsample.o(i.AdcSampleInit)
    Adc_ConfigDmaTrig                        0x00000735   Thumb Code    44  adc.o(i.Adc_ConfigDmaTrig)
    Adc_ConfigSqrChannel                     0x00000765   Thumb Code   434  adc.o(i.Adc_ConfigSqrChannel)
    Adc_ConfigSqrMode                        0x0000091d   Thumb Code   122  adc.o(i.Adc_ConfigSqrMode)
    Adc_Enable                               0x0000099d   Thumb Code    16  adc.o(i.Adc_Enable)
    Adc_Init                                 0x000009b1   Thumb Code   140  adc.o(i.Adc_Init)
    Adc_SQR_Start                            0x00000a41   Thumb Code    16  adc.o(i.Adc_SQR_Start)
    Adc_SetVref                              0x00000a55   Thumb Code    78  adc.o(i.Adc_SetVref)
    Adt_CHxXPortConfig                       0x00000ad5   Thumb Code   468  adt.o(i.Adt_CHxXPortConfig)
    Adt_Init                                 0x00000cad   Thumb Code   128  adt.o(i.Adt_Init)
    Adt_SetCompareValue                      0x00000d35   Thumb Code    58  adt.o(i.Adt_SetCompareValue)
    Adt_SetPeriod                            0x00000d75   Thumb Code    24  adt.o(i.Adt_SetPeriod)
    Adt_StartCount                           0x00000d91   Thumb Code    30  adt.o(i.Adt_StartCount)
    Battery_Chg_Compl_Status_Check           0x00000db5   Thumb Code    58  key.o(i.Battery_Chg_Compl_Status_Check)
    Battery_Chg_Compl_Status_Init            0x00000df5   Thumb Code    38  key.o(i.Battery_Chg_Compl_Status_Init)
    Battery_Chg_Status_Pin_Init              0x00000e29   Thumb Code    38  key.o(i.Battery_Chg_Status_Pin_Init)
    Battery_Chg_Status_Pin_Scan              0x00000e51   Thumb Code   134  key.o(i.Battery_Chg_Status_Pin_Scan)
    Boost_Pwm                                0x00001135   Thumb Code    26  timehandler.o(i.Boost_Pwm)
    Boost_Start                              0x0000114f   Thumb Code    10  timehandler.o(i.Boost_Start)
    Bt_ClearAllIntFlag                       0x00001159   Thumb Code    70  bt.o(i.Bt_ClearAllIntFlag)
    Bt_ClearIntFlag                          0x000011a5   Thumb Code    22  bt.o(i.Bt_ClearIntFlag)
    Bt_GetIntFlag                            0x000011c1   Thumb Code    24  bt.o(i.Bt_GetIntFlag)
    Bt_M23_ARRSet                            0x000011dd   Thumb Code    44  bt.o(i.Bt_M23_ARRSet)
    Bt_M23_Cnt16Set                          0x0000120d   Thumb Code    26  bt.o(i.Bt_M23_Cnt16Set)
    Bt_M23_EnPWM_Output                      0x0000122d   Thumb Code    50  bt.o(i.Bt_M23_EnPWM_Output)
    Bt_M23_Run                               0x00001265   Thumb Code    24  bt.o(i.Bt_M23_Run)
    Bt_M23_SetValidPeriod                    0x00001281   Thumb Code    26  bt.o(i.Bt_M23_SetValidPeriod)
    Bt_Mode23_EnableIrq                      0x000012a1   Thumb Code   118  bt.o(i.Bt_Mode23_EnableIrq)
    Bt_Mode23_Init                           0x0000131d   Thumb Code   596  bt.o(i.Bt_Mode23_Init)
    CompareParaSize                          0x000015cf   Thumb Code    42  util.o(i.CompareParaSize)
    CtsIntCallBack                           0x000015f9   Thumb Code     2  uarthandler.o(i.CtsIntCallBack)
    Delay_us                                 0x000015fb   Thumb Code    36  adcsample.o(i.Delay_us)
    DmaContIrqCallback                       0x00001655   Thumb Code     8  adcsample.o(i.DmaContIrqCallback)
    Dma_ConfigIrq                            0x00001661   Thumb Code   102  dmac.o(i.Dma_ConfigIrq)
    Dma_Enable                               0x000016cd   Thumb Code    20  dmac.o(i.Dma_Enable)
    Dma_EnableChannel                        0x000016e5   Thumb Code    60  dmac.o(i.Dma_EnableChannel)
    Dma_EnableChannelIrq                     0x00001725   Thumb Code    56  dmac.o(i.Dma_EnableChannelIrq)
    Dma_IRQHandler                           0x00001761   Thumb Code   238  dmac.o(i.Dma_IRQHandler)
    Dma_InitChannel                          0x00001859   Thumb Code   658  dmac.o(i.Dma_InitChannel)
    Dma_Start                                0x00001af1   Thumb Code    40  dmac.o(i.Dma_Start)
    EMSControlHandler                        0x00001b1d   Thumb Code   978  ems.o(i.EMSControlHandler)
    EMS_Port_Check_Pin_Init                  0x00001f19   Thumb Code    64  key.o(i.EMS_Port_Check_Pin_Init)
    EMS_Port_Init                            0x00001f59   Thumb Code   180  ems_port.o(i.EMS_Port_Init)
    EMS_Port_Pin_Status                      0x0000200d   Thumb Code   126  key.o(i.EMS_Port_Pin_Status)
    EMS_PwmControl                           0x00002095   Thumb Code    58  ems.o(i.EMS_PwmControl)
    EmsABAuto_And_CDAuto_PN                  0x000020dd   Thumb Code   632  ems_port.o(i.EmsABAuto_And_CDAuto_PN)
    EmsABC_T_D_PN                            0x00002355   Thumb Code   632  ems_port.o(i.EmsABC_T_D_PN)
    EmsABD_T_C_PN                            0x000025cd   Thumb Code   632  ems_port.o(i.EmsABD_T_C_PN)
    EmsACAutO_And_BDAuto_PN                  0x00002845   Thumb Code   632  ems_port.o(i.EmsACAutO_And_BDAuto_PN)
    EmsACD_T_B_PN                            0x00002abd   Thumb Code   632  ems_port.o(i.EmsACD_T_B_PN)
    EmsADAuto_And_BCAuto_PN                  0x00002d35   Thumb Code   632  ems_port.o(i.EmsADAuto_And_BCAuto_PN)
    EmsA_T_B_And_CDAuto_PN                   0x00002fad   Thumb Code   504  ems_port.o(i.EmsA_T_B_And_CDAuto_PN)
    EmsA_T_B_And_C_T_D                       0x000031a5   Thumb Code    76  ems_port.o(i.EmsA_T_B_And_C_T_D)
    EmsA_T_B_And_D_T_C                       0x000031f1   Thumb Code    76  ems_port.o(i.EmsA_T_B_And_D_T_C)
    EmsA_T_C_And_BDAuto_PN                   0x0000323d   Thumb Code   504  ems_port.o(i.EmsA_T_C_And_BDAuto_PN)
    EmsA_T_C_And_BD_No_PN                    0x00003435   Thumb Code   374  ems_port.o(i.EmsA_T_C_And_BD_No_PN)
    EmsA_T_C_And_B_T_D                       0x000035ab   Thumb Code    76  ems_port.o(i.EmsA_T_C_And_B_T_D)
    EmsA_T_C_And_D_T_B                       0x000035f7   Thumb Code    76  ems_port.o(i.EmsA_T_C_And_D_T_B)
    EmsA_T_D_And_BCAuto_PN                   0x00003643   Thumb Code   504  ems_port.o(i.EmsA_T_D_And_BCAuto_PN)
    EmsA_T_D_And_BC_No_PN                    0x0000383b   Thumb Code   376  ems_port.o(i.EmsA_T_D_And_BC_No_PN)
    EmsA_T_D_And_B_T_C                       0x000039b3   Thumb Code    76  ems_port.o(i.EmsA_T_D_And_B_T_C)
    EmsA_T_D_And_C_T_B                       0x000039ff   Thumb Code    76  ems_port.o(i.EmsA_T_D_And_C_T_B)
    EmsBCD_T_A_PN                            0x00003a4b   Thumb Code   632  ems_port.o(i.EmsBCD_T_A_PN)
    EmsB_T_A_And_CDAuto_PN                   0x00003cc3   Thumb Code   504  ems_port.o(i.EmsB_T_A_And_CDAuto_PN)
    EmsB_T_A_And_CD_No_PN                    0x00003ebb   Thumb Code   376  ems_port.o(i.EmsB_T_A_And_CD_No_PN)
    EmsB_T_A_And_C_T_D                       0x00004033   Thumb Code    76  ems_port.o(i.EmsB_T_A_And_C_T_D)
    EmsB_T_A_And_D_T_C                       0x0000407f   Thumb Code    76  ems_port.o(i.EmsB_T_A_And_D_T_C)
    EmsB_T_C_And_ADAuto_PN                   0x000040cb   Thumb Code   502  ems_port.o(i.EmsB_T_C_And_ADAuto_PN)
    EmsB_T_C_And_AD_No_PN                    0x000042c1   Thumb Code   376  ems_port.o(i.EmsB_T_C_And_AD_No_PN)
    EmsB_T_C_And_A_T_D                       0x00004439   Thumb Code    76  ems_port.o(i.EmsB_T_C_And_A_T_D)
    EmsB_T_C_And_D_T_A                       0x00004485   Thumb Code    76  ems_port.o(i.EmsB_T_C_And_D_T_A)
    EmsB_T_D_And_ACAuto_PN                   0x000044d1   Thumb Code   378  ems_port.o(i.EmsB_T_D_And_ACAuto_PN)
    EmsB_T_D_And_AC_No_PN                    0x0000464b   Thumb Code   374  ems_port.o(i.EmsB_T_D_And_AC_No_PN)
    EmsB_T_D_And_A_T_C                       0x000047c1   Thumb Code    76  ems_port.o(i.EmsB_T_D_And_A_T_C)
    EmsB_T_D_And_C_T_A                       0x0000480d   Thumb Code    76  ems_port.o(i.EmsB_T_D_And_C_T_A)
    EmsC_T_A_And_BDAuto_PN                   0x00004859   Thumb Code   504  ems_port.o(i.EmsC_T_A_And_BDAuto_PN)
    EmsC_T_A_And_BD_No                       0x00004a51   Thumb Code    44  ems_port.o(i.EmsC_T_A_And_BD_No)
    EmsC_T_A_And_BD_No_PN                    0x00004a7d   Thumb Code   376  ems_port.o(i.EmsC_T_A_And_BD_No_PN)
    EmsC_T_A_And_B_T_D                       0x00004bf5   Thumb Code    76  ems_port.o(i.EmsC_T_A_And_B_T_D)
    EmsC_T_A_And_D_T_B                       0x00004c41   Thumb Code    76  ems_port.o(i.EmsC_T_A_And_D_T_B)
    EmsC_T_B_And_ADAuto_PN                   0x00004c8d   Thumb Code   504  ems_port.o(i.EmsC_T_B_And_ADAuto_PN)
    EmsC_T_B_And_AD_No                       0x00004e85   Thumb Code    44  ems_port.o(i.EmsC_T_B_And_AD_No)
    EmsC_T_B_And_AD_No_PN                    0x00004eb1   Thumb Code   376  ems_port.o(i.EmsC_T_B_And_AD_No_PN)
    EmsC_T_B_And_A_T_D                       0x00005029   Thumb Code    76  ems_port.o(i.EmsC_T_B_And_A_T_D)
    EmsC_T_B_And_D_T_A                       0x00005075   Thumb Code    76  ems_port.o(i.EmsC_T_B_And_D_T_A)
    EmsC_T_D_And_ABAuto_PN                   0x000050c1   Thumb Code   504  ems_port.o(i.EmsC_T_D_And_ABAuto_PN)
    EmsC_T_D_And_AB_No                       0x000052b9   Thumb Code    44  ems_port.o(i.EmsC_T_D_And_AB_No)
    EmsC_T_D_And_AB_No_PN                    0x000052e5   Thumb Code   376  ems_port.o(i.EmsC_T_D_And_AB_No_PN)
    EmsC_T_D_And_A_T_B                       0x0000545d   Thumb Code    76  ems_port.o(i.EmsC_T_D_And_A_T_B)
    EmsC_T_D_And_B_T_A                       0x000054a9   Thumb Code    76  ems_port.o(i.EmsC_T_D_And_B_T_A)
    EmsD_T_A_And_BC_AutO_PN                  0x000054f5   Thumb Code   504  ems_port.o(i.EmsD_T_A_And_BC_AutO_PN)
    EmsD_T_A_And_BC_No_PN                    0x000056ed   Thumb Code   376  ems_port.o(i.EmsD_T_A_And_BC_No_PN)
    EmsD_T_A_And_B_T_C                       0x00005865   Thumb Code    76  ems_port.o(i.EmsD_T_A_And_B_T_C)
    EmsD_T_A_And_C_T_B                       0x000058b1   Thumb Code    76  ems_port.o(i.EmsD_T_A_And_C_T_B)
    EmsD_T_B_And_AC_No_PN                    0x000058fd   Thumb Code   376  ems_port.o(i.EmsD_T_B_And_AC_No_PN)
    EmsD_T_C_And_AB_No_PN                    0x00005a75   Thumb Code   376  ems_port.o(i.EmsD_T_C_And_AB_No_PN)
    Ems_AB_And_CD_Discharge                  0x00005cc5   Thumb Code   140  ems_port.o(i.Ems_AB_And_CD_Discharge)
    Ems_AB_And_CD_Four                       0x00005d51   Thumb Code   140  ems_port.o(i.Ems_AB_And_CD_Four)
    Ems_AToB_And_Ems_CToD_PNAlter_N          0x00005ddd   Thumb Code   152  ems_port.o(i.Ems_AToB_And_Ems_CToD_PNAlter_N)
    Ems_AToB_And_Ems_CToD_PNAlter_P          0x00005e75   Thumb Code   152  ems_port.o(i.Ems_AToB_And_Ems_CToD_PNAlter_P)
    Ems_AToB_Ems_CToD_FS_N                   0x00005f0d   Thumb Code    76  ems_port.o(i.Ems_AToB_Ems_CToD_FS_N)
    Ems_AToB_Ems_CToD_FS_P                   0x00005f59   Thumb Code    76  ems_port.o(i.Ems_AToB_Ems_CToD_FS_P)
    Ems_A_T_B_And_CD_No_PN                   0x00005fa5   Thumb Code   372  ems_port.o(i.Ems_A_T_B_And_CD_No_PN)
    Ems_A_To_Ems_B_Double                    0x00006119   Thumb Code    76  ems_port.o(i.Ems_A_To_Ems_B_Double)
    Ems_A_To_Ems_B_FS_N                      0x00006165   Thumb Code    44  ems_port.o(i.Ems_A_To_Ems_B_FS_N)
    Ems_A_To_Ems_B_FS_P                      0x00006191   Thumb Code    44  ems_port.o(i.Ems_A_To_Ems_B_FS_P)
    Ems_A_To_Ems_B_PNAlter_N                 0x000061bd   Thumb Code    88  ems_port.o(i.Ems_A_To_Ems_B_PNAlter_N)
    Ems_A_To_Ems_B_PNAlter_P                 0x00006215   Thumb Code    88  ems_port.o(i.Ems_A_To_Ems_B_PNAlter_P)
    Ems_A_To_Ems_B_Single_N                  0x0000626d   Thumb Code    44  ems_port.o(i.Ems_A_To_Ems_B_Single_N)
    Ems_A_To_Ems_B_Single_P                  0x00006299   Thumb Code    44  ems_port.o(i.Ems_A_To_Ems_B_Single_P)
    Ems_Output_Close                         0x0000659d   Thumb Code    16  ems.o(i.Ems_Output_Close)
    Ems_ParaInit                             0x000065b1   Thumb Code    58  ems.o(i.Ems_ParaInit)
    Ems_Start                                0x000065f1   Thumb Code    12  ems.o(i.Ems_Start)
    EnableNvic                               0x000065fd   Thumb Code   120  interrupts_hc32l136.o(i.EnableNvic)
    ErrIntCallback                           0x0000667d   Thumb Code     2  uarthandler.o(i.ErrIntCallback)
    ExtTrigInterrupteRouseDisable            0x0000667f   Thumb Code    16  key.o(i.ExtTrigInterrupteRouseDisable)
    Flash_WaitCycle                          0x0000672d   Thumb Code    86  flash.o(i.Flash_WaitCycle)
    Gpio_ClearIrq                            0x00006795   Thumb Code    24  gpio.o(i.Gpio_ClearIrq)
    Gpio_ClrIO                               0x000067b1   Thumb Code    24  gpio.o(i.Gpio_ClrIO)
    Gpio_DisableIrq                          0x000067cd   Thumb Code    24  gpio.o(i.Gpio_DisableIrq)
    Gpio_EnableIrq                           0x000067e5   Thumb Code    24  gpio.o(i.Gpio_EnableIrq)
    Gpio_GetInputIO                          0x000067fd   Thumb Code    16  gpio.o(i.Gpio_GetInputIO)
    Gpio_GetIrqStatus                        0x00006811   Thumb Code    16  gpio.o(i.Gpio_GetIrqStatus)
    Gpio_IRQHandler                          0x00006825   Thumb Code   132  key.o(i.Gpio_IRQHandler)
    Gpio_Init                                0x000068ad   Thumb Code   318  gpio.o(i.Gpio_Init)
    Gpio_SetAfMode                           0x000069f9   Thumb Code    16  gpio.o(i.Gpio_SetAfMode)
    Gpio_SetAnalogMode                       0x00006a0d   Thumb Code    24  gpio.o(i.Gpio_SetAnalogMode)
    Gpio_SetIO                               0x00006a29   Thumb Code    24  gpio.o(i.Gpio_SetIO)
    HallSwitchStatusScan                     0x00006a45   Thumb Code   170  key.o(i.HallSwitchStatusScan)
    HallSwitchTrigTouchKeyInit               0x00006b01   Thumb Code    40  key.o(i.HallSwitchTrigTouchKeyInit)
    HardFault_Handler                        0x00006b37   Thumb Code    16  interrupts_hc32l136.o(i.HardFault_Handler)
    Heater_Init                              0x00006bed   Thumb Code    54  ledmotor.o(i.Heater_Init)
    IRQ000_Handler                           0x00006c23   Thumb Code    10  interrupts_hc32l136.o(i.IRQ000_Handler)
    IRQ001_Handler                           0x00006c2d   Thumb Code    10  interrupts_hc32l136.o(i.IRQ001_Handler)
    IRQ002_Handler                           0x00006c37   Thumb Code    10  interrupts_hc32l136.o(i.IRQ002_Handler)
    IRQ003_Handler                           0x00006c41   Thumb Code    10  interrupts_hc32l136.o(i.IRQ003_Handler)
    IRQ004_Handler                           0x00006c4b   Thumb Code    10  interrupts_hc32l136.o(i.IRQ004_Handler)
    IRQ005_Handler                           0x00006c55   Thumb Code    10  interrupts_hc32l136.o(i.IRQ005_Handler)
    IRQ006_Handler                           0x00006c5f   Thumb Code    10  interrupts_hc32l136.o(i.IRQ006_Handler)
    IRQ007_Handler                           0x00006c69   Thumb Code    10  interrupts_hc32l136.o(i.IRQ007_Handler)
    IRQ008_Handler                           0x00006c73   Thumb Code    10  interrupts_hc32l136.o(i.IRQ008_Handler)
    IRQ009_Handler                           0x00006c7d   Thumb Code    10  interrupts_hc32l136.o(i.IRQ009_Handler)
    IRQ010_Handler                           0x00006c87   Thumb Code    10  interrupts_hc32l136.o(i.IRQ010_Handler)
    IRQ011_Handler                           0x00006c91   Thumb Code    10  interrupts_hc32l136.o(i.IRQ011_Handler)
    IRQ012_Handler                           0x00006c9b   Thumb Code    10  interrupts_hc32l136.o(i.IRQ012_Handler)
    IRQ013_Handler                           0x00006ca5   Thumb Code    10  interrupts_hc32l136.o(i.IRQ013_Handler)
    IRQ014_Handler                           0x00006caf   Thumb Code    10  interrupts_hc32l136.o(i.IRQ014_Handler)
    IRQ015_Handler                           0x00006cb9   Thumb Code    10  interrupts_hc32l136.o(i.IRQ015_Handler)
    IRQ016_Handler                           0x00006cc3   Thumb Code    10  interrupts_hc32l136.o(i.IRQ016_Handler)
    IRQ017_Handler                           0x00006ccd   Thumb Code    10  interrupts_hc32l136.o(i.IRQ017_Handler)
    IRQ018_Handler                           0x00006cd7   Thumb Code    10  interrupts_hc32l136.o(i.IRQ018_Handler)
    IRQ019_Handler                           0x00006ce1   Thumb Code    10  interrupts_hc32l136.o(i.IRQ019_Handler)
    IRQ020_Handler                           0x00006ceb   Thumb Code    10  interrupts_hc32l136.o(i.IRQ020_Handler)
    IRQ021_Handler                           0x00006cf5   Thumb Code    10  interrupts_hc32l136.o(i.IRQ021_Handler)
    IRQ022_Handler                           0x00006cff   Thumb Code    10  interrupts_hc32l136.o(i.IRQ022_Handler)
    IRQ023_Handler                           0x00006d09   Thumb Code    10  interrupts_hc32l136.o(i.IRQ023_Handler)
    IRQ024_Handler                           0x00006d13   Thumb Code    10  interrupts_hc32l136.o(i.IRQ024_Handler)
    IRQ025_Handler                           0x00006d1d   Thumb Code    10  interrupts_hc32l136.o(i.IRQ025_Handler)
    IRQ026_Handler                           0x00006d27   Thumb Code    10  interrupts_hc32l136.o(i.IRQ026_Handler)
    IRQ027_Handler                           0x00006d31   Thumb Code    10  interrupts_hc32l136.o(i.IRQ027_Handler)
    IRQ028_Handler                           0x00006d3b   Thumb Code    10  interrupts_hc32l136.o(i.IRQ028_Handler)
    IRQ029_Handler                           0x00006d45   Thumb Code    10  interrupts_hc32l136.o(i.IRQ029_Handler)
    IRQ030_Handler                           0x00006d4f   Thumb Code    10  interrupts_hc32l136.o(i.IRQ030_Handler)
    IRQ031_Handler                           0x00006d59   Thumb Code    10  interrupts_hc32l136.o(i.IRQ031_Handler)
    KeyHandler                               0x00006d85   Thumb Code   502  main.o(i.KeyHandler)
    LPUart_CalScnt                           0x000071e1   Thumb Code   112  lpuart.o(i.LPUart_CalScnt)
    LPUart_ClrStatus                         0x00007251   Thumb Code   116  lpuart.o(i.LPUart_ClrStatus)
    LPUart_EnableFunc                        0x000072c5   Thumb Code   136  lpuart.o(i.LPUart_EnableFunc)
    LPUart_EnableIrq                         0x0000734d   Thumb Code   154  lpuart.o(i.LPUart_EnableIrq)
    LPUart_Init                              0x000073e7   Thumb Code   122  lpuart.o(i.LPUart_Init)
    LPUart_SelSclk                           0x00007461   Thumb Code    84  lpuart.o(i.LPUart_SelSclk)
    LPUart_SetBaud                           0x000074b5   Thumb Code    24  lpuart.o(i.LPUart_SetBaud)
    LPUart_SetClkDiv                         0x000074cd   Thumb Code    44  lpuart.o(i.LPUart_SetClkDiv)
    LPUart_SetMMDOrCk                        0x000074f9   Thumb Code    48  lpuart.o(i.LPUart_SetMMDOrCk)
    LPUart_SetMode                           0x00007529   Thumb Code    48  lpuart.o(i.LPUart_SetMode)
    LPUart_SetMultiMode                      0x00007559   Thumb Code    72  lpuart.o(i.LPUart_SetMultiMode)
    LPUart_SetStopBit                        0x000075a1   Thumb Code    70  lpuart.o(i.LPUart_SetStopBit)
    Led_1_Init                               0x000075e7   Thumb Code    54  ledmotor.o(i.Led_1_Init)
    Motor_Init                               0x00007bc1   Thumb Code    54  ledmotor.o(i.Motor_Init)
    NTCSampleDataHandler                     0x00007e05   Thumb Code   102  ntctempsample.o(i.NTCSampleDataHandler)
    PErrIntCallBack                          0x00007e7d   Thumb Code     2  uarthandler.o(i.PErrIntCallBack)
    RxIntCallback                            0x00007e81   Thumb Code    24  uarthandler.o(i.RxIntCallback)
    SampleFilterFloatHandler                 0x00007ea1   Thumb Code   166  util.o(i.SampleFilterFloatHandler)
    SampleFilterHandler                      0x00007f4d   Thumb Code   112  util.o(i.SampleFilterHandler)
    SoftTimerCount                           0x000080d5   Thumb Code     8  main.o(i.SoftTimerCount)
    Sysctrl_GetHClkFreq                      0x000080dd   Thumb Code   354  sysctrl.o(i.Sysctrl_GetHClkFreq)
    Sysctrl_GetPClkFreq                      0x00008251   Thumb Code    28  sysctrl.o(i.Sysctrl_GetPClkFreq)
    Sysctrl_SetPeripheralGate                0x00008271   Thumb Code    54  sysctrl.o(i.Sysctrl_SetPeripheralGate)
    Sysctrl_SetRCHTrim                       0x000082ad   Thumb Code   148  sysctrl.o(i.Sysctrl_SetRCHTrim)
    Sysctrl_SysClkSwitch                     0x00008349   Thumb Code    40  sysctrl.o(i.Sysctrl_SysClkSwitch)
    SystemCoreClockUpdate                    0x00008375   Thumb Code    12  system_hc32l136.o(i.SystemCoreClockUpdate)
    SystemInit                               0x00008385   Thumb Code    30  system_hc32l136.o(i.SystemInit)
    Tim2Int                                  0x000083ad   Thumb Code    48  timehandler.o(i.Tim2Int)
    Tim3_ClearIntFlag                        0x000083e5   Thumb Code    16  timer3.o(i.Tim3_ClearIntFlag)
    Tim3_GetIntFlag                          0x000083f9   Thumb Code    18  timer3.o(i.Tim3_GetIntFlag)
    Tim3_M23_ARRSet                          0x00008411   Thumb Code    44  timer3.o(i.Tim3_M23_ARRSet)
    Tim3_M23_CCR_Set                         0x00008441   Thumb Code   162  timer3.o(i.Tim3_M23_CCR_Set)
    Tim3_M23_Cnt16Set                        0x000084e9   Thumb Code    22  timer3.o(i.Tim3_M23_Cnt16Set)
    Tim3_M23_EnPWM_Output                    0x00008505   Thumb Code    52  timer3.o(i.Tim3_M23_EnPWM_Output)
    Tim3_M23_PortOutput_Config               0x0000853d   Thumb Code   686  timer3.o(i.Tim3_M23_PortOutput_Config)
    Tim3_M23_Run                             0x000087f1   Thumb Code    18  timer3.o(i.Tim3_M23_Run)
    Tim3_M23_SetValidPeriod                  0x00008809   Thumb Code    22  timer3.o(i.Tim3_M23_SetValidPeriod)
    Tim3_Mode23_Init                         0x00008825   Thumb Code   194  timer3.o(i.Tim3_Mode23_Init)
    Tim_IRQHandler                           0x000088f1   Thumb Code    72  bt.o(i.Tim_IRQHandler)
    Time3Breathing_Light_Duty                0x00008961   Thumb Code    14  timehandler.o(i.Time3Breathing_Light_Duty)
    TimeBoostPwmInit                         0x00008983   Thumb Code   198  timehandler.o(i.TimeBoostPwmInit)
    TimestampInit                            0x00008a49   Thumb Code   164  timehandler.o(i.TimestampInit)
    TimestampStart                           0x00008af5   Thumb Code    34  timehandler.o(i.TimestampStart)
    TimestampUpdateFreq                      0x00008b17   Thumb Code    24  timehandler.o(i.TimestampUpdateFreq)
    TxIntCallback                            0x00008b31   Thumb Code    28  uarthandler.o(i.TxIntCallback)
    UartDataParseHandler                     0x00008b59   Thumb Code   122  uarthandler.o(i.UartDataParseHandler)
    UartInit                                 0x00008c09   Thumb Code   242  uarthandler.o(i.UartInit)
    Uart_PortInit                            0x00008d11   Thumb Code    62  uarthandler.o(i.Uart_PortInit)
    Uart_ReceiveData                         0x00008d4f   Thumb Code    30  uart.o(i.Uart_ReceiveData)
    Update2Time                              0x00008d6d   Thumb Code   148  timehandler.o(i.Update2Time)
    __ARM_common_switch8                     0x0000928d   Thumb Code    28  main.o(i.__ARM_common_switch8)
    __scatterload_copy                       0x000093b1   Thumb Code    14  handlers.o(i.__scatterload_copy)
    __scatterload_null                       0x000093bf   Thumb Code     2  handlers.o(i.__scatterload_null)
    __scatterload_zeroinit                   0x000093c1   Thumb Code    14  handlers.o(i.__scatterload_zeroinit)
    breathing_LightInit                      0x000093d1   Thumb Code   194  timehandler.o(i.breathing_LightInit)
    ddl_memclr                               0x00009499   Thumb Code    32  ddl.o(i.ddl_memclr)
    delay10us                                0x000094b9   Thumb Code    78  ddl.o(i.delay10us)
    delay1us                                 0x00009519   Thumb Code    64  ddl.o(i.delay1us)
    keyScan                                  0x00009561   Thumb Code   196  key.o(i.keyScan)
    main                                     0x0000964d   Thumb Code    80  main.o(i.main)
    Heat_temperatureTable                    0x000096cc   Data           4  main.o(.constdata)
    Region$$Table$$Base                      0x000096e8   Number         0  anon$$obj.o(Region$$Table)
    Region$$Table$$Limit                     0x00009708   Number         0  anon$$obj.o(Region$$Table)
    VectorTable                              0x20000000   Data         192  flash_handler.o(.ARM.__AT_0x20000000)
    u8TxData                                 0x200000c0   Data          50  uarthandler.o(.data)
    u8RxData                                 0x200000f2   Data           1  uarthandler.o(.data)
    u8TxCnt                                  0x200000f3   Data           1  uarthandler.o(.data)
    u8RxCnt                                  0x200000f4   Data           1  uarthandler.o(.data)
    IRQ_Start_Enable                         0x200000f6   Data           1  main.o(.data)
    invoking_interval_Time_flag              0x200000f7   Data           1  main.o(.data)
    softtime_Count_1ms                       0x200000f8   Data           1  main.o(.data)
    Motor_Vibr_Control                       0x200000fa   Data           6  main.o(.data)
    Led_Blink_control                        0x20000100   Data           6  main.o(.data)
    LowPowerControl                          0x20000106   Data           4  main.o(.data)
    key_delay_init                           0x2000010a   Data           4  main.o(.data)
    keyDataHandler                           0x20000124   Data           8  key.o(.data)
    Ems_Status_Check                         0x2000012c   Data           6  key.o(.data)
    Chg_Status_CheckHandler                  0x20000132   Data           5  key.o(.data)
    HallSwitchScan                           0x20000138   Data           8  key.o(.data)
    AcupunctureeMode_to_83Hz                 0x20000144   Data          12  ems.o(.data)
    AcupunctureeMode_to_166Hz                0x20000150   Data          12  ems.o(.data)
    AcupunctureeMode_to_122Hz                0x2000015c   Data          12  ems.o(.data)
    AcupunctureMode_toIDLE_2Hz_1S            0x20000168   Data          12  ems.o(.data)
    AcupunctureMode                          0x20000174   Data          80  ems.o(.data)
    malaxationMode_to_83Hz_1                 0x200001c4   Data          12  ems.o(.data)
    malaxationMode_toIDLE_8H9z               0x200001d0   Data          12  ems.o(.data)
    malaxationMode_to_83Hz_2                 0x200001dc   Data          12  ems.o(.data)
    malaxationMode_to_83Hz_3                 0x200001e8   Data          12  ems.o(.data)
    malaxationMode_to_83Hz_4                 0x200001f4   Data          12  ems.o(.data)
    MalaxationMode                           0x20000200   Data          80  ems.o(.data)
    scrapingMode_to_120Hz_80                 0x20000250   Data          12  ems.o(.data)
    scrapingMode_to_160Hz_90                 0x2000025c   Data          12  ems.o(.data)
    scrapingMode_to_200Hz_100                0x20000268   Data          12  ems.o(.data)
    scrapingMode_toIDLE_8H9z                 0x20000274   Data          12  ems.o(.data)
    scrapingMode_to_240Hz_480                0x20000280   Data          12  ems.o(.data)
    scrapingMode_toIDLE_2Hz_1                0x2000028c   Data          12  ems.o(.data)
    scrapingMode                             0x20000298   Data          64  ems.o(.data)
    sKMode_to_5Hz_80                         0x200002d8   Data          12  ems.o(.data)
    sKMode_to_10Hz_10                        0x200002e4   Data          12  ems.o(.data)
    sKMode_to_7H5z_8                         0x200002f0   Data          12  ems.o(.data)
    sKMode_toIDLE_8H9z                       0x200002fc   Data          12  ems.o(.data)
    sKMode_toIDLE_2Hz_1                      0x20000308   Data          12  ems.o(.data)
    KnockMode1Mode                           0x20000314   Data          48  ems.o(.data)
    MassageModeArray                         0x20000344   Data          32  ems.o(.data)
    Acupuncturee3DMode_to_83Hz               0x20000364   Data          12  ems.o(.data)
    Acupuncture3DMode_toIDLE_2Hz_1S          0x20000370   Data          12  ems.o(.data)
    Acupuncture3DMode                        0x2000037c   Data         232  ems.o(.data)
    malaxation3DMode_to_83Hz_1               0x20000464   Data          12  ems.o(.data)
    malaxation3DMode_toIDLE_8H9z             0x20000470   Data          12  ems.o(.data)
    malaxation3DMode_to_83Hz_2               0x2000047c   Data          12  ems.o(.data)
    Malaxation3DMode                         0x20000488   Data         304  ems.o(.data)
    scraping3DMode_to_83Hz_1                 0x200005b8   Data          12  ems.o(.data)
    scraping3DMode_toIDLE_8H9z               0x200005c4   Data          12  ems.o(.data)
    scraping3DMode                           0x200005d0   Data         200  ems.o(.data)
    Knock3DMode1_short8Hz5                   0x20000698   Data          12  ems.o(.data)
    Knock3DMode1_short4Hz9                   0x200006a4   Data          12  ems.o(.data)
    Knock3DMode1_short2Hz4                   0x200006b0   Data          12  ems.o(.data)
    Knock3DMode1_toIDLE_8H9z                 0x200006bc   Data          12  ems.o(.data)
    Knock3DMode1Mode                         0x200006c8   Data         304  ems.o(.data)
    KnockMode3DMassage                       0x200007f8   Data          32  ems.o(.data)
    MassageIDLEMode_to_116Hz                 0x20000818   Data          12  ems.o(.data)
    MassageIdleMode                          0x20000824   Data          24  ems.o(.data)
    MassageIDLEStatus                        0x2000083c   Data           8  ems.o(.data)
    Dir3DModeMassage_Invoke                  0x20000844   Data         244  ems.o(.data)
    Modify2Data                              0x20000938   Data           8  ems.o(.data)
    Dischargeinvoke                          0x20000940   Data          12  ems.o(.data)
    Dirforwardinvoke                         0x2000094c   Data          12  ems.o(.data)
    Dirreverseinvoke                         0x20000958   Data          12  ems.o(.data)
    DirPNAlter_L_invoke                      0x20000964   Data          12  ems.o(.data)
    DirPNAlter_R_invoke                      0x20000970   Data          12  ems.o(.data)
    DirPNAlter_RL_Invoke                     0x2000097c   Data          48  ems.o(.data)
    DiralternateInvoke                       0x200009ac   Data          24  ems.o(.data)
    Ems_Control                              0x200009c4   Data           4  ems.o(.data)
    StrengUpdateControl                      0x200009c8   Data           4  ems.o(.data)
    SystemCoreClock                          0x20000a54   Data           4  system_hc32l136.o(.data)
    MassageHandler                           0x20000ad8   Data          20  main.o(.bss)
    RxBufferHandler                          0x20000aec   Data         415  main.o(.bss)
    VoltageSampleBuff                        0x20000c8c   Data          24  main.o(.bss)
    HeatTemperatureBuff                      0x20000ca4   Data          24  main.o(.bss)
    ExtensiondetectBuff                      0x20000cbc   Data          24  main.o(.bss)
    ADC_Result_Array                         0x20000cd4   Data          40  adcsample.o(.bss)
    PwmProcessDataHandler                    0x20000cfc   Data          16  ems.o(.bss)
    NTCDataSmaple                            0x20000d0c   Data          64  ntctempsample.o(.bss)
    __initial_sp                             0x20001020   Data           0  startup_hc32l136.o(STACK)



==============================================================================

Memory Map of the image

  Image Entry point : 0x000000c1

  Load Region LR_IROM1 (Base: 0x00000000, Size: 0x0000a120, Max: 0x00010000, ABSOLUTE, COMPRESSED[0x00009ae0])

    Execution Region ER_IROM1 (Base: 0x00000000, Size: 0x00009708, Max: 0x00010000, ABSOLUTE)

    Base Addr    Size         Type   Attr      Idx    E Section Name        Object

    0x00000000   0x000000c0   Data   RO         2065    RESET               startup_hc32l136.o
    0x000000c0   0x00000000   Code   RO         4877  * .ARM.Collect$$$$00000000  mc_p.l(entry.o)
    0x000000c0   0x00000004   Code   RO         4904    .ARM.Collect$$$$00000001  mc_p.l(entry2.o)
    0x000000c4   0x00000004   Code   RO         4907    .ARM.Collect$$$$00000004  mc_p.l(entry5.o)
    0x000000c8   0x00000000   Code   RO         4909    .ARM.Collect$$$$00000008  mc_p.l(entry7b.o)
    0x000000c8   0x00000000   Code   RO         4911    .ARM.Collect$$$$0000000A  mc_p.l(entry8b.o)
    0x000000c8   0x00000008   Code   RO         4912    .ARM.Collect$$$$0000000B  mc_p.l(entry9a.o)
    0x000000d0   0x00000000   Code   RO         4914    .ARM.Collect$$$$0000000D  mc_p.l(entry10a.o)
    0x000000d0   0x00000000   Code   RO         4916    .ARM.Collect$$$$0000000F  mc_p.l(entry11a.o)
    0x000000d0   0x00000004   Code   RO         4905    .ARM.Collect$$$$00002712  mc_p.l(entry2.o)
    0x000000d4   0x0000003c   Code   RO         2066    .text               startup_hc32l136.o
    0x00000110   0x0000002c   Code   RO         4880    .text               mc_p.l(uidiv.o)
    0x0000013c   0x00000028   Code   RO         4882    .text               mc_p.l(idiv.o)
    0x00000164   0x00000024   Code   RO         4884    .text               mc_p.l(memcpya.o)
    0x00000188   0x000000b2   Code   RO         4890    .text               mf_p.l(fadd.o)
    0x0000023a   0x0000007a   Code   RO         4892    .text               mf_p.l(fmul.o)
    0x000002b4   0x0000007c   Code   RO         4894    .text               mf_p.l(fdiv.o)
    0x00000330   0x0000000e   Code   RO         4896    .text               mf_p.l(ffltui.o)
    0x0000033e   0x00000028   Code   RO         4898    .text               mf_p.l(ffixui.o)
    0x00000366   0x00000002   PAD
    0x00000368   0x00000014   Code   RO         4900    .text               mf_p.l(cfcmple.o)
    0x0000037c   0x00000014   Code   RO         4902    .text               mf_p.l(cfrcmple.o)
    0x00000390   0x00000000   Code   RO         4918    .text               mc_p.l(iusefp.o)
    0x00000390   0x00000082   Code   RO         4919    .text               mf_p.l(fepilogue.o)
    0x00000412   0x00000002   PAD
    0x00000414   0x00000024   Code   RO         4921    .text               mc_p.l(init.o)
    0x00000438   0x00000056   Code   RO         4931    .text               mc_p.l(__dczerorl2.o)
    0x0000048e   0x00000002   PAD
    0x00000490   0x00000184   Code   RO          659    i.AdcSampleInit     adcsample.o
    0x00000614   0x00000120   Code   RO          323    i.AdcSampleTask     main.o
    0x00000734   0x00000030   Code   RO         2079    i.Adc_ConfigDmaTrig  adc.o
    0x00000764   0x000001b8   Code   RO         2085    i.Adc_ConfigSqrChannel  adc.o
    0x0000091c   0x00000080   Code   RO         2086    i.Adc_ConfigSqrMode  adc.o
    0x0000099c   0x00000014   Code   RO         2090    i.Adc_Enable        adc.o
    0x000009b0   0x00000090   Code   RO         2099    i.Adc_Init          adc.o
    0x00000a40   0x00000014   Code   RO         2110    i.Adc_SQR_Start     adc.o
    0x00000a54   0x00000054   Code   RO         2113    i.Adc_SetVref       adc.o
    0x00000aa8   0x0000002c   Code   RO         4260    i.AdtEnableNvic     adt.o
    0x00000ad4   0x000001d8   Code   RO         4262    i.Adt_CHxXPortConfig  adt.o
    0x00000cac   0x00000088   Code   RO         4307    i.Adt_Init          adt.o
    0x00000d34   0x00000040   Code   RO         4311    i.Adt_SetCompareValue  adt.o
    0x00000d74   0x0000001c   Code   RO         4315    i.Adt_SetPeriod     adt.o
    0x00000d90   0x00000024   Code   RO         4319    i.Adt_StartCount    adt.o
    0x00000db4   0x00000040   Code   RO          510    i.Battery_Chg_Compl_Status_Check  key.o
    0x00000df4   0x00000026   Code   RO          511    i.Battery_Chg_Compl_Status_Init  key.o
    0x00000e1a   0x0000000e   Code   RO          512    i.Battery_Chg_Status_Disable_IRQ  key.o
    0x00000e28   0x00000026   Code   RO          514    i.Battery_Chg_Status_Pin_Init  key.o
    0x00000e4e   0x00000002   PAD
    0x00000e50   0x00000094   Code   RO          515    i.Battery_Chg_Status_Pin_Scan  key.o
    0x00000ee4   0x0000006c   Code   RO          324    i.Battery_Status_Check  main.o
    0x00000f50   0x000001e4   Code   RO          708    i.BoostVoltageControl  ems.o
    0x00001134   0x0000001a   Code   RO          106    i.Boost_Pwm         timehandler.o
    0x0000114e   0x0000000a   Code   RO          107    i.Boost_Start       timehandler.o
    0x00001158   0x0000004c   Code   RO         2346    i.Bt_ClearAllIntFlag  bt.o
    0x000011a4   0x0000001c   Code   RO         2347    i.Bt_ClearIntFlag   bt.o
    0x000011c0   0x0000001c   Code   RO         2348    i.Bt_GetIntFlag     bt.o
    0x000011dc   0x00000030   Code   RO         2364    i.Bt_M23_ARRSet     bt.o
    0x0000120c   0x00000020   Code   RO         2369    i.Bt_M23_Cnt16Set   bt.o
    0x0000122c   0x00000038   Code   RO         2373    i.Bt_M23_EnPWM_Output  bt.o
    0x00001264   0x0000001c   Code   RO         2384    i.Bt_M23_Run        bt.o
    0x00001280   0x00000020   Code   RO         2385    i.Bt_M23_SetValidPeriod  bt.o
    0x000012a0   0x0000007c   Code   RO         2395    i.Bt_Mode23_EnableIrq  bt.o
    0x0000131c   0x0000026c   Code   RO         2396    i.Bt_Mode23_Init    bt.o
    0x00001588   0x00000046   Code   RO          325    i.ClkInit24M        main.o
    0x000015ce   0x0000002a   Code   RO         1110    i.CompareParaSize   util.o
    0x000015f8   0x00000002   Code   RO          243    i.CtsIntCallBack    uarthandler.o
    0x000015fa   0x00000024   Code   RO          661    i.Delay_us          adcsample.o
    0x0000161e   0x00000002   PAD
    0x00001620   0x00000034   Code   RO          327    i.DeviceDataInit    main.o
    0x00001654   0x0000000c   Code   RO          662    i.DmaContIrqCallback  adcsample.o
    0x00001660   0x0000006c   Code   RO         4007    i.Dma_ConfigIrq     dmac.o
    0x000016cc   0x00000018   Code   RO         4017    i.Dma_Enable        dmac.o
    0x000016e4   0x00000040   Code   RO         4019    i.Dma_EnableChannel  dmac.o
    0x00001724   0x0000003c   Code   RO         4021    i.Dma_EnableChannelIrq  dmac.o
    0x00001760   0x000000f8   Code   RO         4028    i.Dma_IRQHandler    dmac.o
    0x00001858   0x00000298   Code   RO         4029    i.Dma_InitChannel   dmac.o
    0x00001af0   0x0000002c   Code   RO         4042    i.Dma_Start         dmac.o
    0x00001b1c   0x000003ec   Code   RO          709    i.EMSControlHandler  ems.o
    0x00001f08   0x00000010   Code   RO          328    i.EMSTimeInit       main.o
    0x00001f18   0x00000040   Code   RO          516    i.EMS_Port_Check_Pin_Init  key.o
    0x00001f58   0x000000b4   Code   RO         1234    i.EMS_Port_Init     ems_port.o
    0x0000200c   0x00000088   Code   RO          519    i.EMS_Port_Pin_Status  key.o
    0x00002094   0x00000040   Code   RO          710    i.EMS_PwmControl    ems.o
    0x000020d4   0x00000008   Code   RO          329    i.EMS_Status_Check  main.o
    0x000020dc   0x00000278   Code   RO         1235    i.EmsABAuto_And_CDAuto_PN  ems_port.o
    0x00002354   0x00000278   Code   RO         1236    i.EmsABC_T_D_PN     ems_port.o
    0x000025cc   0x00000278   Code   RO         1237    i.EmsABD_T_C_PN     ems_port.o
    0x00002844   0x00000278   Code   RO         1238    i.EmsACAutO_And_BDAuto_PN  ems_port.o
    0x00002abc   0x00000278   Code   RO         1239    i.EmsACD_T_B_PN     ems_port.o
    0x00002d34   0x00000278   Code   RO         1240    i.EmsADAuto_And_BCAuto_PN  ems_port.o
    0x00002fac   0x000001f8   Code   RO         1241    i.EmsA_T_B_And_CDAuto_PN  ems_port.o
    0x000031a4   0x0000004c   Code   RO         1242    i.EmsA_T_B_And_C_T_D  ems_port.o
    0x000031f0   0x0000004c   Code   RO         1243    i.EmsA_T_B_And_D_T_C  ems_port.o
    0x0000323c   0x000001f8   Code   RO         1244    i.EmsA_T_C_And_BDAuto_PN  ems_port.o
    0x00003434   0x00000176   Code   RO         1245    i.EmsA_T_C_And_BD_No_PN  ems_port.o
    0x000035aa   0x0000004c   Code   RO         1246    i.EmsA_T_C_And_B_T_D  ems_port.o
    0x000035f6   0x0000004c   Code   RO         1247    i.EmsA_T_C_And_D_T_B  ems_port.o
    0x00003642   0x000001f8   Code   RO         1248    i.EmsA_T_D_And_BCAuto_PN  ems_port.o
    0x0000383a   0x00000178   Code   RO         1249    i.EmsA_T_D_And_BC_No_PN  ems_port.o
    0x000039b2   0x0000004c   Code   RO         1250    i.EmsA_T_D_And_B_T_C  ems_port.o
    0x000039fe   0x0000004c   Code   RO         1251    i.EmsA_T_D_And_C_T_B  ems_port.o
    0x00003a4a   0x00000278   Code   RO         1252    i.EmsBCD_T_A_PN     ems_port.o
    0x00003cc2   0x000001f8   Code   RO         1253    i.EmsB_T_A_And_CDAuto_PN  ems_port.o
    0x00003eba   0x00000178   Code   RO         1254    i.EmsB_T_A_And_CD_No_PN  ems_port.o
    0x00004032   0x0000004c   Code   RO         1255    i.EmsB_T_A_And_C_T_D  ems_port.o
    0x0000407e   0x0000004c   Code   RO         1256    i.EmsB_T_A_And_D_T_C  ems_port.o
    0x000040ca   0x000001f6   Code   RO         1257    i.EmsB_T_C_And_ADAuto_PN  ems_port.o
    0x000042c0   0x00000178   Code   RO         1258    i.EmsB_T_C_And_AD_No_PN  ems_port.o
    0x00004438   0x0000004c   Code   RO         1259    i.EmsB_T_C_And_A_T_D  ems_port.o
    0x00004484   0x0000004c   Code   RO         1260    i.EmsB_T_C_And_D_T_A  ems_port.o
    0x000044d0   0x0000017a   Code   RO         1261    i.EmsB_T_D_And_ACAuto_PN  ems_port.o
    0x0000464a   0x00000176   Code   RO         1262    i.EmsB_T_D_And_AC_No_PN  ems_port.o
    0x000047c0   0x0000004c   Code   RO         1263    i.EmsB_T_D_And_A_T_C  ems_port.o
    0x0000480c   0x0000004c   Code   RO         1264    i.EmsB_T_D_And_C_T_A  ems_port.o
    0x00004858   0x000001f8   Code   RO         1265    i.EmsC_T_A_And_BDAuto_PN  ems_port.o
    0x00004a50   0x0000002c   Code   RO         1266    i.EmsC_T_A_And_BD_No  ems_port.o
    0x00004a7c   0x00000178   Code   RO         1267    i.EmsC_T_A_And_BD_No_PN  ems_port.o
    0x00004bf4   0x0000004c   Code   RO         1268    i.EmsC_T_A_And_B_T_D  ems_port.o
    0x00004c40   0x0000004c   Code   RO         1269    i.EmsC_T_A_And_D_T_B  ems_port.o
    0x00004c8c   0x000001f8   Code   RO         1270    i.EmsC_T_B_And_ADAuto_PN  ems_port.o
    0x00004e84   0x0000002c   Code   RO         1271    i.EmsC_T_B_And_AD_No  ems_port.o
    0x00004eb0   0x00000178   Code   RO         1272    i.EmsC_T_B_And_AD_No_PN  ems_port.o
    0x00005028   0x0000004c   Code   RO         1273    i.EmsC_T_B_And_A_T_D  ems_port.o
    0x00005074   0x0000004c   Code   RO         1274    i.EmsC_T_B_And_D_T_A  ems_port.o
    0x000050c0   0x000001f8   Code   RO         1275    i.EmsC_T_D_And_ABAuto_PN  ems_port.o
    0x000052b8   0x0000002c   Code   RO         1276    i.EmsC_T_D_And_AB_No  ems_port.o
    0x000052e4   0x00000178   Code   RO         1277    i.EmsC_T_D_And_AB_No_PN  ems_port.o
    0x0000545c   0x0000004c   Code   RO         1278    i.EmsC_T_D_And_A_T_B  ems_port.o
    0x000054a8   0x0000004c   Code   RO         1279    i.EmsC_T_D_And_B_T_A  ems_port.o
    0x000054f4   0x000001f8   Code   RO         1280    i.EmsD_T_A_And_BC_AutO_PN  ems_port.o
    0x000056ec   0x00000178   Code   RO         1281    i.EmsD_T_A_And_BC_No_PN  ems_port.o
    0x00005864   0x0000004c   Code   RO         1282    i.EmsD_T_A_And_B_T_C  ems_port.o
    0x000058b0   0x0000004c   Code   RO         1283    i.EmsD_T_A_And_C_T_B  ems_port.o
    0x000058fc   0x00000178   Code   RO         1284    i.EmsD_T_B_And_AC_No_PN  ems_port.o
    0x00005a74   0x00000178   Code   RO         1285    i.EmsD_T_C_And_AB_No_PN  ems_port.o
    0x00005bec   0x0000006c   Code   RO          711    i.Ems_2DParaInit    ems.o
    0x00005c58   0x0000006c   Code   RO          712    i.Ems_3DParaInit    ems.o
    0x00005cc4   0x0000008c   Code   RO         1286    i.Ems_AB_And_CD_Discharge  ems_port.o
    0x00005d50   0x0000008c   Code   RO         1287    i.Ems_AB_And_CD_Four  ems_port.o
    0x00005ddc   0x00000098   Code   RO         1289    i.Ems_AToB_And_Ems_CToD_PNAlter_N  ems_port.o
    0x00005e74   0x00000098   Code   RO         1290    i.Ems_AToB_And_Ems_CToD_PNAlter_P  ems_port.o
    0x00005f0c   0x0000004c   Code   RO         1291    i.Ems_AToB_Ems_CToD_FS_N  ems_port.o
    0x00005f58   0x0000004c   Code   RO         1292    i.Ems_AToB_Ems_CToD_FS_P  ems_port.o
    0x00005fa4   0x00000174   Code   RO         1297    i.Ems_A_T_B_And_CD_No_PN  ems_port.o
    0x00006118   0x0000004c   Code   RO         1298    i.Ems_A_To_Ems_B_Double  ems_port.o
    0x00006164   0x0000002c   Code   RO         1299    i.Ems_A_To_Ems_B_FS_N  ems_port.o
    0x00006190   0x0000002c   Code   RO         1300    i.Ems_A_To_Ems_B_FS_P  ems_port.o
    0x000061bc   0x00000058   Code   RO         1303    i.Ems_A_To_Ems_B_PNAlter_N  ems_port.o
    0x00006214   0x00000058   Code   RO         1304    i.Ems_A_To_Ems_B_PNAlter_P  ems_port.o
    0x0000626c   0x0000002c   Code   RO         1305    i.Ems_A_To_Ems_B_Single_N  ems_port.o
    0x00006298   0x0000002c   Code   RO         1306    i.Ems_A_To_Ems_B_Single_P  ems_port.o
    0x000062c4   0x0000001c   Code   RO          330    i.Ems_CallTask      main.o
    0x000062e0   0x00000220   Code   RO          331    i.Ems_Control_F     main.o
    0x00006500   0x00000068   Code   RO          713    i.Ems_IDLEParaInit  ems.o
    0x00006568   0x00000034   Code   RO          332    i.Ems_Massage_Mode_update  main.o
    0x0000659c   0x00000014   Code   RO          714    i.Ems_Output_Close  ems.o
    0x000065b0   0x00000040   Code   RO          715    i.Ems_ParaInit      ems.o
    0x000065f0   0x0000000c   Code   RO          716    i.Ems_Start         ems.o
    0x000065fc   0x00000080   Code   RO         3056    i.EnableNvic        interrupts_hc32l136.o
    0x0000667c   0x00000002   Code   RO          244    i.ErrIntCallback    uarthandler.o
    0x0000667e   0x00000010   Code   RO          520    i.ExtTrigInterrupteRouseDisable  key.o
    0x0000668e   0x00000002   PAD
    0x00006690   0x0000009c   Code   RO          333    i.ExternBoardCheckHandler  main.o
    0x0000672c   0x00000068   Code   RO         2789    i.Flash_WaitCycle   flash.o
    0x00006794   0x0000001c   Code   RO         2881    i.Gpio_ClearIrq     gpio.o
    0x000067b0   0x0000001c   Code   RO         2882    i.Gpio_ClrIO        gpio.o
    0x000067cc   0x00000018   Code   RO         2884    i.Gpio_DisableIrq   gpio.o
    0x000067e4   0x00000018   Code   RO         2885    i.Gpio_EnableIrq    gpio.o
    0x000067fc   0x00000014   Code   RO         2887    i.Gpio_GetInputIO   gpio.o
    0x00006810   0x00000014   Code   RO         2888    i.Gpio_GetIrqStatus  gpio.o
    0x00006824   0x00000088   Code   RO          522    i.Gpio_IRQHandler   key.o
    0x000068ac   0x0000014c   Code   RO         2889    i.Gpio_Init         gpio.o
    0x000069f8   0x00000014   Code   RO         2891    i.Gpio_SetAfMode    gpio.o
    0x00006a0c   0x0000001c   Code   RO         2892    i.Gpio_SetAnalogMode  gpio.o
    0x00006a28   0x0000001c   Code   RO         2894    i.Gpio_SetIO        gpio.o
    0x00006a44   0x000000bc   Code   RO          523    i.HallSwitchStatusScan  key.o
    0x00006b00   0x00000028   Code   RO          525    i.HallSwitchTrigTouchKeyInit  key.o
    0x00006b28   0x0000000e   Code   RO          526    i.HallSwitchTrigTouchKeyInitDisable  key.o
    0x00006b36   0x00000010   Code   RO         3057    i.HardFault_Handler  interrupts_hc32l136.o
    0x00006b46   0x0000003c   Code   RO          334    i.HardWareInit      main.o
    0x00006b82   0x0000000c   Code   RO          335    i.Heat_Temperature_Close  main.o
    0x00006b8e   0x00000002   PAD
    0x00006b90   0x0000005c   Code   RO          336    i.Heat_temperature_Control  main.o
    0x00006bec   0x00000036   Code   RO         1992    i.Heater_Init       ledmotor.o
    0x00006c22   0x0000000a   Code   RO         3058    i.IRQ000_Handler    interrupts_hc32l136.o
    0x00006c2c   0x0000000a   Code   RO         3059    i.IRQ001_Handler    interrupts_hc32l136.o
    0x00006c36   0x0000000a   Code   RO         3060    i.IRQ002_Handler    interrupts_hc32l136.o
    0x00006c40   0x0000000a   Code   RO         3061    i.IRQ003_Handler    interrupts_hc32l136.o
    0x00006c4a   0x0000000a   Code   RO         3062    i.IRQ004_Handler    interrupts_hc32l136.o
    0x00006c54   0x0000000a   Code   RO         3063    i.IRQ005_Handler    interrupts_hc32l136.o
    0x00006c5e   0x0000000a   Code   RO         3064    i.IRQ006_Handler    interrupts_hc32l136.o
    0x00006c68   0x0000000a   Code   RO         3065    i.IRQ007_Handler    interrupts_hc32l136.o
    0x00006c72   0x0000000a   Code   RO         3066    i.IRQ008_Handler    interrupts_hc32l136.o
    0x00006c7c   0x0000000a   Code   RO         3067    i.IRQ009_Handler    interrupts_hc32l136.o
    0x00006c86   0x0000000a   Code   RO         3068    i.IRQ010_Handler    interrupts_hc32l136.o
    0x00006c90   0x0000000a   Code   RO         3069    i.IRQ011_Handler    interrupts_hc32l136.o
    0x00006c9a   0x0000000a   Code   RO         3070    i.IRQ012_Handler    interrupts_hc32l136.o
    0x00006ca4   0x0000000a   Code   RO         3071    i.IRQ013_Handler    interrupts_hc32l136.o
    0x00006cae   0x0000000a   Code   RO         3072    i.IRQ014_Handler    interrupts_hc32l136.o
    0x00006cb8   0x0000000a   Code   RO         3073    i.IRQ015_Handler    interrupts_hc32l136.o
    0x00006cc2   0x0000000a   Code   RO         3074    i.IRQ016_Handler    interrupts_hc32l136.o
    0x00006ccc   0x0000000a   Code   RO         3075    i.IRQ017_Handler    interrupts_hc32l136.o
    0x00006cd6   0x0000000a   Code   RO         3076    i.IRQ018_Handler    interrupts_hc32l136.o
    0x00006ce0   0x0000000a   Code   RO         3077    i.IRQ019_Handler    interrupts_hc32l136.o
    0x00006cea   0x0000000a   Code   RO         3078    i.IRQ020_Handler    interrupts_hc32l136.o
    0x00006cf4   0x0000000a   Code   RO         3079    i.IRQ021_Handler    interrupts_hc32l136.o
    0x00006cfe   0x0000000a   Code   RO         3080    i.IRQ022_Handler    interrupts_hc32l136.o
    0x00006d08   0x0000000a   Code   RO         3081    i.IRQ023_Handler    interrupts_hc32l136.o
    0x00006d12   0x0000000a   Code   RO         3082    i.IRQ024_Handler    interrupts_hc32l136.o
    0x00006d1c   0x0000000a   Code   RO         3083    i.IRQ025_Handler    interrupts_hc32l136.o
    0x00006d26   0x0000000a   Code   RO         3084    i.IRQ026_Handler    interrupts_hc32l136.o
    0x00006d30   0x0000000a   Code   RO         3085    i.IRQ027_Handler    interrupts_hc32l136.o
    0x00006d3a   0x0000000a   Code   RO         3086    i.IRQ028_Handler    interrupts_hc32l136.o
    0x00006d44   0x0000000a   Code   RO         3087    i.IRQ029_Handler    interrupts_hc32l136.o
    0x00006d4e   0x0000000a   Code   RO         3088    i.IRQ030_Handler    interrupts_hc32l136.o
    0x00006d58   0x0000000a   Code   RO         3089    i.IRQ031_Handler    interrupts_hc32l136.o
    0x00006d62   0x00000022   Code   RO          527    i.KeyDisableIRQ     key.o
    0x00006d84   0x00000208   Code   RO          337    i.KeyHandler        main.o
    0x00006f8c   0x00000224   Code   RO          338    i.LED_Status_Control  main.o
    0x000071b0   0x00000030   Code   RO         4705    i.LPUartGetInternDataPtr  lpuart.o
    0x000071e0   0x00000070   Code   RO         4706    i.LPUart_CalScnt    lpuart.o
    0x00007250   0x00000074   Code   RO         4708    i.LPUart_ClrStatus  lpuart.o
    0x000072c4   0x00000088   Code   RO         4711    i.LPUart_EnableFunc  lpuart.o
    0x0000734c   0x0000009a   Code   RO         4712    i.LPUart_EnableIrq  lpuart.o
    0x000073e6   0x0000007a   Code   RO         4718    i.LPUart_Init       lpuart.o
    0x00007460   0x00000054   Code   RO         4720    i.LPUart_SelSclk    lpuart.o
    0x000074b4   0x00000018   Code   RO         4722    i.LPUart_SetBaud    lpuart.o
    0x000074cc   0x0000002c   Code   RO         4723    i.LPUart_SetClkDiv  lpuart.o
    0x000074f8   0x00000030   Code   RO         4724    i.LPUart_SetMMDOrCk  lpuart.o
    0x00007528   0x00000030   Code   RO         4725    i.LPUart_SetMode    lpuart.o
    0x00007558   0x00000048   Code   RO         4726    i.LPUart_SetMultiMode  lpuart.o
    0x000075a0   0x00000046   Code   RO         4729    i.LPUart_SetStopBit  lpuart.o
    0x000075e6   0x00000036   Code   RO         1993    i.Led_1_Init        ledmotor.o
    0x0000761c   0x00000002   Code   RO          339    i.LowPowerHandler   main.o
    0x0000761e   0x00000002   PAD
    0x00007620   0x000000ec   Code   RO          718    i.Massage3DModelPwmCHandler  ems.o
    0x0000770c   0x00000258   Code   RO          719    i.MassagePwmCHandler  ems.o
    0x00007964   0x00000250   Code   RO          720    i.MassagePwmIdleHandler  ems.o
    0x00007bb4   0x00000006   Code   RO          721    i.ModifyOne         ems.o
    0x00007bba   0x00000006   Code   RO          722    i.ModifyTwo         ems.o
    0x00007bc0   0x00000036   Code   RO         1994    i.Motor_Init        ledmotor.o
    0x00007bf6   0x00000002   PAD
    0x00007bf8   0x0000020c   Code   RO          340    i.Motor_vibration_Control  main.o
    0x00007e04   0x00000078   Code   RO         1971    i.NTCSampleDataHandler  ntctempsample.o
    0x00007e7c   0x00000002   Code   RO          245    i.PErrIntCallBack   uarthandler.o
    0x00007e7e   0x00000002   PAD
    0x00007e80   0x00000020   Code   RO          246    i.RxIntCallback     uarthandler.o
    0x00007ea0   0x000000ac   Code   RO         1111    i.SampleFilterFloatHandler  util.o
    0x00007f4c   0x00000074   Code   RO         1112    i.SampleFilterHandler  util.o
    0x00007fc0   0x00000114   Code   RO          342    i.SoftTimeTask      main.o
    0x000080d4   0x00000008   Code   RO          343    i.SoftTimerCount    main.o
    0x000080dc   0x00000174   Code   RO         3857    i.Sysctrl_GetHClkFreq  sysctrl.o
    0x00008250   0x00000020   Code   RO         3858    i.Sysctrl_GetPClkFreq  sysctrl.o
    0x00008270   0x0000003c   Code   RO         3865    i.Sysctrl_SetPeripheralGate  sysctrl.o
    0x000082ac   0x0000009c   Code   RO         3866    i.Sysctrl_SetRCHTrim  sysctrl.o
    0x00008348   0x0000002c   Code   RO         3873    i.Sysctrl_SysClkSwitch  sysctrl.o
    0x00008374   0x00000010   Code   RO         2024    i.SystemCoreClockUpdate  system_hc32l136.o
    0x00008384   0x00000028   Code   RO         2025    i.SystemInit        system_hc32l136.o
    0x000083ac   0x00000038   Code   RO          110    i.Tim2Int           timehandler.o
    0x000083e4   0x00000014   Code   RO         3283    i.Tim3_ClearIntFlag  timer3.o
    0x000083f8   0x00000018   Code   RO         3284    i.Tim3_GetIntFlag   timer3.o
    0x00008410   0x00000030   Code   RO         3301    i.Tim3_M23_ARRSet   timer3.o
    0x00008440   0x000000a8   Code   RO         3304    i.Tim3_M23_CCR_Set  timer3.o
    0x000084e8   0x0000001c   Code   RO         3306    i.Tim3_M23_Cnt16Set  timer3.o
    0x00008504   0x00000038   Code   RO         3310    i.Tim3_M23_EnPWM_Output  timer3.o
    0x0000853c   0x000002b4   Code   RO         3320    i.Tim3_M23_PortOutput_Config  timer3.o
    0x000087f0   0x00000018   Code   RO         3321    i.Tim3_M23_Run      timer3.o
    0x00008808   0x0000001c   Code   RO         3322    i.Tim3_M23_SetValidPeriod  timer3.o
    0x00008824   0x000000cc   Code   RO         3333    i.Tim3_Mode23_Init  timer3.o
    0x000088f0   0x00000054   Code   RO         2397    i.Tim_IRQHandler    bt.o
    0x00008944   0x0000001c   Code   RO          111    i.Time0IntCallback  timehandler.o
    0x00008960   0x0000000e   Code   RO          112    i.Time3Breathing_Light_Duty  timehandler.o
    0x0000896e   0x00000014   Code   RO          113    i.Time3IntCallback  timehandler.o
    0x00008982   0x000000c6   Code   RO          114    i.TimeBoostPwmInit  timehandler.o
    0x00008a48   0x000000ac   Code   RO          115    i.TimestampInit     timehandler.o
    0x00008af4   0x00000022   Code   RO          116    i.TimestampStart    timehandler.o
    0x00008b16   0x00000018   Code   RO          118    i.TimestampUpdateFreq  timehandler.o
    0x00008b2e   0x00000002   PAD
    0x00008b30   0x00000028   Code   RO          247    i.TxIntCallback     uarthandler.o
    0x00008b58   0x00000080   Code   RO          248    i.UartDataParseHandler  uarthandler.o
    0x00008bd8   0x00000030   Code   RO         3692    i.UartGetInternDataPtr  uart.o
    0x00008c08   0x00000108   Code   RO          249    i.UartInit          uarthandler.o
    0x00008d10   0x0000003e   Code   RO          251    i.Uart_PortInit     uarthandler.o
    0x00008d4e   0x0000001e   Code   RO         3706    i.Uart_ReceiveData  uart.o
    0x00008d6c   0x00000098   Code   RO          119    i.Update2Time       timehandler.o
    0x00008e04   0x00000010   Code   RO          723    i._DirABAuto_And_CDAuto_PN  ems.o
    0x00008e14   0x00000010   Code   RO          724    i._DirABC_T_D_PN    ems.o
    0x00008e24   0x00000010   Code   RO          725    i._DirABD_T_C_PN    ems.o
    0x00008e34   0x0000000e   Code   RO          726    i._DirAB_And_CD_DisCharge  ems.o
    0x00008e42   0x00000002   Code   RO          727    i._DirAB_And_CD_IDLE  ems.o
    0x00008e44   0x00000010   Code   RO          728    i._DirACAutO_And_BDAut0_PN  ems.o
    0x00008e54   0x00000010   Code   RO          729    i._DirACD_T_B_PN    ems.o
    0x00008e64   0x00000010   Code   RO          730    i._DirADAuto_And_BCAuto_PN  ems.o
    0x00008e74   0x00000010   Code   RO          731    i._DirA_T_B_And_CDAuto_PN  ems.o
    0x00008e84   0x0000001c   Code   RO          732    i._DirA_T_B_And_CD_No  ems.o
    0x00008ea0   0x00000010   Code   RO          733    i._DirA_T_B_And_CD_No_PN  ems.o
    0x00008eb0   0x0000000e   Code   RO          734    i._DirA_T_B_And_C_T_D  ems.o
    0x00008ebe   0x0000000e   Code   RO          735    i._DirA_T_B_And_D_T_C  ems.o
    0x00008ecc   0x00000010   Code   RO          736    i._DirA_T_C_And_BDAuto_PN  ems.o
    0x00008edc   0x00000010   Code   RO          737    i._DirA_T_C_And_BD_No  ems.o
    0x00008eec   0x00000010   Code   RO          738    i._DirA_T_C_And_BD_No_PN  ems.o
    0x00008efc   0x0000000e   Code   RO          739    i._DirA_T_C_And_B_T_D  ems.o
    0x00008f0a   0x0000000e   Code   RO          740    i._DirA_T_C_And_D_T_B  ems.o
    0x00008f18   0x00000010   Code   RO          741    i._DirA_T_D_And_BCAuto_PN  ems.o
    0x00008f28   0x00000010   Code   RO          742    i._DirA_T_D_And_BC_No  ems.o
    0x00008f38   0x00000010   Code   RO          743    i._DirA_T_D_And_BC_No_PN  ems.o
    0x00008f48   0x0000000e   Code   RO          744    i._DirA_T_D_And_B_T_C  ems.o
    0x00008f56   0x0000000e   Code   RO          745    i._DirA_T_D_And_C_T_B  ems.o
    0x00008f64   0x00000010   Code   RO          746    i._DirB_T_A_And_CDAuto_PN  ems.o
    0x00008f74   0x0000000e   Code   RO          747    i._DirB_T_A_And_CD_No  ems.o
    0x00008f82   0x00000010   Code   RO          748    i._DirB_T_A_And_CD_No_PN  ems.o
    0x00008f92   0x0000000e   Code   RO          749    i._DirB_T_A_And_C_T_D  ems.o
    0x00008fa0   0x0000000e   Code   RO          750    i._DirB_T_A_And_D_T_C  ems.o
    0x00008fae   0x00000010   Code   RO          751    i._DirB_T_C_And_ADAuto_PN  ems.o
    0x00008fbe   0x00000010   Code   RO          752    i._DirB_T_C_And_AD_No  ems.o
    0x00008fce   0x00000010   Code   RO          753    i._DirB_T_C_And_AD_No_PN  ems.o
    0x00008fde   0x0000000e   Code   RO          754    i._DirB_T_C_And_A_T_D  ems.o
    0x00008fec   0x0000000e   Code   RO          755    i._DirB_T_C_And_D_T_A  ems.o
    0x00008ffa   0x00000010   Code   RO          756    i._DirB_T_D_And_ACAuto_PN  ems.o
    0x0000900a   0x00000010   Code   RO          757    i._DirB_T_D_And_AC_No  ems.o
    0x0000901a   0x00000010   Code   RO          758    i._DirB_T_D_And_AC_No_PN  ems.o
    0x0000902a   0x0000000e   Code   RO          759    i._DirB_T_D_And_A_T_C  ems.o
    0x00009038   0x0000000e   Code   RO          760    i._DirB_T_D_And_C_T_A  ems.o
    0x00009046   0x00000010   Code   RO          761    i._DirCBD_T_A_PN    ems.o
    0x00009056   0x00000010   Code   RO          762    i._DirC_T_A_And_BDAuto_PN  ems.o
    0x00009066   0x0000000e   Code   RO          763    i._DirC_T_A_And_BD_No  ems.o
    0x00009074   0x00000010   Code   RO          764    i._DirC_T_A_And_BD_No_PN  ems.o
    0x00009084   0x0000000e   Code   RO          765    i._DirC_T_A_And_B_T_D  ems.o
    0x00009092   0x0000000e   Code   RO          766    i._DirC_T_A_And_D_T_B  ems.o
    0x000090a0   0x00000010   Code   RO          767    i._DirC_T_B_And_ADAuto_PN  ems.o
    0x000090b0   0x0000000e   Code   RO          768    i._DirC_T_B_And_AD_No  ems.o
    0x000090be   0x00000010   Code   RO          769    i._DirC_T_B_And_AD_No_PN  ems.o
    0x000090ce   0x0000000e   Code   RO          770    i._DirC_T_B_And_A_T_D  ems.o
    0x000090dc   0x0000000e   Code   RO          771    i._DirC_T_B_And_D_T_A  ems.o
    0x000090ea   0x00000010   Code   RO          772    i._DirC_T_D_And_ABAuto_PN  ems.o
    0x000090fa   0x0000000e   Code   RO          773    i._DirC_T_D_And_AB_No  ems.o
    0x00009108   0x00000010   Code   RO          774    i._DirC_T_D_And_AB_No_PN  ems.o
    0x00009118   0x0000000e   Code   RO          775    i._DirC_T_D_And_A_T_B  ems.o
    0x00009126   0x0000000e   Code   RO          776    i._DirC_T_D_And_B_T_A  ems.o
    0x00009134   0x00000010   Code   RO          777    i._DirD_T_A_And_BC_AutO_PN  ems.o
    0x00009144   0x00000010   Code   RO          778    i._DirD_T_A_And_BC_No_PN  ems.o
    0x00009154   0x0000000e   Code   RO          779    i._DirD_T_A_And_B_T_C  ems.o
    0x00009162   0x00000010   Code   RO          780    i._DirD_T_A_And_CB_No  ems.o
    0x00009172   0x0000000e   Code   RO          781    i._DirD_T_A_And_C_T_B  ems.o
    0x00009180   0x00000010   Code   RO          782    i._DirD_T_B_And_AC_No_PN  ems.o
    0x00009190   0x00000010   Code   RO          783    i._DirD_T_C_And_AB_No_PN  ems.o
    0x000091a0   0x000000d4   Code   RO         2907    i._GpioEnableIrq    gpio.o
    0x00009274   0x00000018   Code   RO         3876    i._SysctrlUnlock    sysctrl.o
    0x0000928c   0x0000001c   Code   RO          465    i.__ARM_common_switch8  main.o
    0x000092a8   0x00000018   Code   RO         4324    i.__NVIC_ClearPendingIRQ  adt.o
    0x000092c0   0x00000078   Code   RO         3090    i.__NVIC_SetPriority  interrupts_hc32l136.o
    0x00009338   0x00000078   Code   RO         4325    i.__NVIC_SetPriority  adt.o
    0x000093b0   0x0000000e   Code   RO         4925    i.__scatterload_copy  mc_p.l(handlers.o)
    0x000093be   0x00000002   Code   RO         4926    i.__scatterload_null  mc_p.l(handlers.o)
    0x000093c0   0x0000000e   Code   RO         4927    i.__scatterload_zeroinit  mc_p.l(handlers.o)
    0x000093ce   0x00000002   PAD
    0x000093d0   0x000000c8   Code   RO          121    i.breathing_LightInit  timehandler.o
    0x00009498   0x00000020   Code   RO         2681    i.ddl_memclr        ddl.o
    0x000094b8   0x00000060   Code   RO         2683    i.delay10us         ddl.o
    0x00009518   0x00000048   Code   RO         2685    i.delay1us          ddl.o
    0x00009560   0x000000cc   Code   RO          531    i.keyScan           key.o
    0x0000962c   0x00000020   Code   RO          345    i.key_Delay_Init    main.o
    0x0000964c   0x00000050   Code   RO          346    i.main              main.o
    0x0000969c   0x00000030   Code   RO          347    i.peripheralInit    main.o
    0x000096cc   0x00000004   Data   RO          349    .constdata          main.o
    0x000096d0   0x00000018   Data   RO         3877    .constdata          sysctrl.o
    0x000096e8   0x00000020   Data   RO         4923    Region$$Table       anon$$obj.o


    Execution Region RW_IRAM1 (Base: 0x200000c0, Size: 0x00000f60, Max: 0x00001f40, ABSOLUTE, COMPRESSED[0x000003d8])

    Base Addr    Size         Type   Attr      Idx    E Section Name        Object

    0x200000c0   0x00000035   Data   RW          252    .data               uarthandler.o
    0x200000f5   0x00000001   PAD
    0x200000f6   0x0000002d   Data   RW          350    .data               main.o
    0x20000123   0x00000001   PAD
    0x20000124   0x0000001f   Data   RW          532    .data               key.o
    0x20000143   0x00000001   PAD
    0x20000144   0x00000896   Data   RW          785    .data               ems.o
    0x200009da   0x00000002   PAD
    0x200009dc   0x00000078   Data   RW         1973    .data               ntctempsample.o
    0x20000a54   0x00000004   Data   RW         2026    .data               system_hc32l136.o
    0x20000a58   0x0000000c   Data   RW         2398    .data               bt.o
    0x20000a64   0x00000004   Data   RW         3334    .data               timer3.o
    0x20000a68   0x00000038   Data   RW         3716    .data               uart.o
    0x20000aa0   0x00000038   Data   RW         4731    .data               lpuart.o
    0x20000ad8   0x000001fc   Zero   RW          348    .bss                main.o
    0x20000cd4   0x00000028   Zero   RW          663    .bss                adcsample.o
    0x20000cfc   0x00000010   Zero   RW          784    .bss                ems.o
    0x20000d0c   0x00000040   Zero   RW         1972    .bss                ntctempsample.o
    0x20000d4c   0x00000010   Zero   RW         4045    .bss                dmac.o
    0x20000d5c   0x000000c0   Zero   RW         4326    .bss                adt.o
    0x20000e1c   0x00000004   PAD
    0x20000e20   0x00000200   Zero   RW         2063    STACK               startup_hc32l136.o



  Load Region LR$$.ARM.__AT_0x20000000 (Base: 0x20000000, Size: 0x00000000, Max: 0x000000c0, ABSOLUTE)

    Execution Region ER$$.ARM.__AT_0x20000000 (Base: 0x20000000, Size: 0x000000c0, Max: 0x000000c0, ABSOLUTE, UNINIT)

    Base Addr    Size         Type   Attr      Idx    E Section Name        Object

    0x20000000   0x000000c0   Zero   RW            8    .ARM.__AT_0x20000000  flash_handler.o


==============================================================================

Image component sizes


      Code (inc. data)   RO Data    RW Data    ZI Data      Debug   Object Name

       884         52          0          0          0       4017   adc.o
       436         16          0          0         40       7662   adcsample.o
       924         48          0          0        192      19535   adt.o
      1156         84          0         12          0       7236   bt.o
       200         26          0          0          0       1920   ddl.o
      1212         38          0          0         16      10103   dmac.o
      4332        294          0       2198         16      40680   ems.o
     16836          0          0          0          0      42728   ems_port.o
       104         18          0          0          0        534   flash.o
         0          0          0          0        192     126570   flash_handler.o
       764         46          0          0          0       6413   gpio.o
       584         18          0          0          0      23469   interrupts_hc32l136.o
      1134         60          0         31          0      11462   key.o
       162          0          0          0          0       1300   ledmotor.o
      1078         30          0         56          0      11641   lpuart.o
      3552        270          4         45        508      21489   main.o
       120         18          0        120         64       1575   ntctempsample.o
        60         22        192          0        512        604   startup_hc32l136.o
       688         68         24          0          0       4496   sysctrl.o
        56         14          0          4          0       1099   system_hc32l136.o
       934         26          0          0          0      35886   timehandler.o
      1292         58          0          4          0      12820   timer3.o
        78          4          0         56          0       3783   uart.o
       532         48          0         53          0       6334   uarthandler.o
       330         10          0          0          0       2195   util.o

    ----------------------------------------------------------------------
     37464       1268        252       2584       1544     405551   Object Totals
         0          0         32          0          0          0   (incl. Generated)
        16          0          0          5          4          0   (incl. Padding)

    ----------------------------------------------------------------------

      Code (inc. data)   RO Data    RW Data    ZI Data      Debug   Library Member Name

        86          0          0          0          0          0   __dczerorl2.o
         0          0          0          0          0          0   entry.o
         0          0          0          0          0          0   entry10a.o
         0          0          0          0          0          0   entry11a.o
         8          4          0          0          0          0   entry2.o
         4          0          0          0          0          0   entry5.o
         0          0          0          0          0          0   entry7b.o
         0          0          0          0          0          0   entry8b.o
         8          4          0          0          0          0   entry9a.o
        30          0          0          0          0          0   handlers.o
        40          0          0          0          0         72   idiv.o
        36          8          0          0          0         68   init.o
         0          0          0          0          0          0   iusefp.o
        36          0          0          0          0         60   memcpya.o
        44          0          0          0          0         72   uidiv.o
        20          0          0          0          0         68   cfcmple.o
        20          0          0          0          0         68   cfrcmple.o
       178          0          0          0          0        108   fadd.o
       124          0          0          0          0         72   fdiv.o
       130          0          0          0          0        144   fepilogue.o
        40          0          0          0          0         60   ffixui.o
        14          0          0          0          0         68   ffltui.o
       122          0          0          0          0         72   fmul.o

    ----------------------------------------------------------------------
       948         16          0          0          0        932   Library Totals
         8          0          0          0          0          0   (incl. Padding)

    ----------------------------------------------------------------------

      Code (inc. data)   RO Data    RW Data    ZI Data      Debug   Library Name

       292         16          0          0          0        272   mc_p.l
       648          0          0          0          0        660   mf_p.l

    ----------------------------------------------------------------------
       948         16          0          0          0        932   Library Totals

    ----------------------------------------------------------------------

==============================================================================


      Code (inc. data)   RO Data    RW Data    ZI Data      Debug   

     38412       1284        252       2584       1544     392303   Grand Totals
     38412       1284        252        984       1544     392303   ELF Image Totals (compressed)
     38412       1284        252        984          0          0   ROM Totals

==============================================================================

    Total RO  Size (Code + RO Data)                38664 (  37.76kB)
    Total RW  Size (RW Data + ZI Data)              4128 (   4.03kB)
    Total ROM Size (Code + RO Data + RW Data)      39648 (  38.72kB)

==============================================================================

